Archive member included to satisfy reference by file (symbol)

D:\STM32CubeExpansion_Crypto_V4.1.0\Middlewares\ST\STM32_Cryptographic\lib\libSTM32Cryptographic_CM4.a(cmox_ecc.c.o)
                              ./Core/Src/main.o (cmox_ecc_cleanup)
D:\STM32CubeExpansion_Crypto_V4.1.0\Middlewares\ST\STM32_Cryptographic\lib\libSTM32Cryptographic_CM4.a(cmox_ecc_curve_p256.c.o)
                              ./Core/Src/main.o (CMOX_ECC_SECP256R1_HIGHMEM)
D:\STM32CubeExpansion_Crypto_V4.1.0\Middlewares\ST\STM32_Cryptographic\lib\libSTM32Cryptographic_CM4.a(cmox_ecc_point_funcs.c.o)
                              D:\STM32CubeExpansion_Crypto_V4.1.0\Middlewares\ST\STM32_Cryptographic\lib\libSTM32Cryptographic_CM4.a(cmox_ecc_curve_p256.c.o) (Point_Funcs_SW_a3)
D:\STM32CubeExpansion_Crypto_V4.1.0\Middlewares\ST\STM32_Cryptographic\lib\libSTM32Cryptographic_CM4.a(cmox_ecdsa.c.o)
                              ./Core/Src/main.o (cmox_ecdsa_keyGen)
D:\STM32CubeExpansion_Crypto_V4.1.0\Middlewares\ST\STM32_Cryptographic\lib\libSTM32Cryptographic_CM4.a(cmox_hash.c.o)
                              ./Core/Src/main.o (cmox_hash_compute)
D:\STM32CubeExpansion_Crypto_V4.1.0\Middlewares\ST\STM32_Cryptographic\lib\libSTM32Cryptographic_CM4.a(cmox_init.c.o)
                              D:\STM32CubeExpansion_Crypto_V4.1.0\Middlewares\ST\STM32_Cryptographic\lib\libSTM32Cryptographic_CM4.a(cmox_ecc.c.o) (cmox_init_ctxi)
D:\STM32CubeExpansion_Crypto_V4.1.0\Middlewares\ST\STM32_Cryptographic\lib\libSTM32Cryptographic_CM4.a(cmox_math.c.o)
                              D:\STM32CubeExpansion_Crypto_V4.1.0\Middlewares\ST\STM32_Cryptographic\lib\libSTM32Cryptographic_CM4.a(cmox_ecc.c.o) (cmox_AddBN_Int)
D:\STM32CubeExpansion_Crypto_V4.1.0\Middlewares\ST\STM32_Cryptographic\lib\libSTM32Cryptographic_CM4.a(cmox_math_armv7em_llf.c.o)
                              ./Core/Src/main.o (CMOX_MATH_FUNCS_FAST)
D:\STM32CubeExpansion_Crypto_V4.1.0\Middlewares\ST\STM32_Cryptographic\lib\libSTM32Cryptographic_CM4.a(cmox_mathutils.c.o)
                              D:\STM32CubeExpansion_Crypto_V4.1.0\Middlewares\ST\STM32_Cryptographic\lib\libSTM32Cryptographic_CM4.a(cmox_ecc.c.o) (cmox_mathUtils_bitLength)
D:\STM32CubeExpansion_Crypto_V4.1.0\Middlewares\ST\STM32_Cryptographic\lib\libSTM32Cryptographic_CM4.a(cmox_membuf.c.o)
                              D:\STM32CubeExpansion_Crypto_V4.1.0\Middlewares\ST\STM32_Cryptographic\lib\libSTM32Cryptographic_CM4.a(cmox_ecc.c.o) (cmox_membuf_alloc)
D:\STM32CubeExpansion_Crypto_V4.1.0\Middlewares\ST\STM32_Cryptographic\lib\libSTM32Cryptographic_CM4.a(cmox_modexp.c.o)
                              D:\STM32CubeExpansion_Crypto_V4.1.0\Middlewares\ST\STM32_Cryptographic\lib\libSTM32Cryptographic_CM4.a(cmox_ecc_curve_p256.c.o) (cmox_modexp_fn_public_highmem)
D:\STM32CubeExpansion_Crypto_V4.1.0\Middlewares\ST\STM32_Cryptographic\lib\libSTM32Cryptographic_CM4.a(cmox_scalarmul.c.o)
                              D:\STM32CubeExpansion_Crypto_V4.1.0\Middlewares\ST\STM32_Cryptographic\lib\libSTM32Cryptographic_CM4.a(cmox_ecc_curve_p256.c.o) (cmox_scalarmul_dblbase_wmof)
D:\STM32CubeExpansion_Crypto_V4.1.0\Middlewares\ST\STM32_Cryptographic\lib\libSTM32Cryptographic_CM4.a(cmox_sha224.c.o)
                              ./Core/Src/main.o (CMOX_SHA224_ALGO)
D:\STM32CubeExpansion_Crypto_V4.1.0\Middlewares\ST\STM32_Cryptographic\lib\libSTM32Cryptographic_CM4.a(cmox_sha256_common.c.o)
                              D:\STM32CubeExpansion_Crypto_V4.1.0\Middlewares\ST\STM32_Cryptographic\lib\libSTM32Cryptographic_CM4.a(cmox_sha224.c.o) (CMOX_MD_SHA256_VTABLE_ST)
D:\STM32CubeExpansion_Crypto_V4.1.0\Middlewares\ST\STM32_Cryptographic\lib\libSTM32Cryptographic_CM4.a(cmox_utils_compare.c.o)
                              D:\STM32CubeExpansion_Crypto_V4.1.0\Middlewares\ST\STM32_Cryptographic\lib\libSTM32Cryptographic_CM4.a(cmox_ecdsa.c.o) (cmox_utils_robustCmp)
D:\STM32CubeExpansion_Crypto_V4.1.0\Middlewares\ST\STM32_Cryptographic\lib\libSTM32Cryptographic_CM4.a(cmox_bn.c.o)
                              D:\STM32CubeExpansion_Crypto_V4.1.0\Middlewares\ST\STM32_Cryptographic\lib\libSTM32Cryptographic_CM4.a(cmox_ecc.c.o) (cmox_bn_alloc)
D:\STM32CubeExpansion_Crypto_V4.1.0\Middlewares\ST\STM32_Cryptographic\lib\libSTM32Cryptographic_CM4.a(cmox_math_armv7em_ewarm_mm-fios.s.o)
                              D:\STM32CubeExpansion_Crypto_V4.1.0\Middlewares\ST\STM32_Cryptographic\lib\libSTM32Cryptographic_CM4.a(cmox_math_armv7em_llf.c.o) (cmox_asm_montymul)
D:\STM32CubeExpansion_Crypto_V4.1.0\Middlewares\ST\STM32_Cryptographic\lib\libSTM32Cryptographic_CM4.a(cmox_math_armv7em_ewarm_mm-fios256.s.o)
                              D:\STM32CubeExpansion_Crypto_V4.1.0\Middlewares\ST\STM32_Cryptographic\lib\libSTM32Cryptographic_CM4.a(cmox_math_armv7em_llf.c.o) (cmox_asm_montymul_fast256)
D:\STM32CubeExpansion_Crypto_V4.1.0\Middlewares\ST\STM32_Cryptographic\lib\libSTM32Cryptographic_CM4.a(cmox_math_armv7em_ewarm_mm-mod4.s.o)
[...]
Memory Configuration

Name             Origin             Length             Attributes
RAM              0x20000000         0x00018000         xrw
FLASH            0x08000000         0x00080000         xr
*default*        0x00000000         0xffffffff

Linker script and memory map

LOAD C:/ST/STM32CubeIDE_1.16.1/STM32CubeIDE/plugins/com.st.stm32cube.ide.mcu.externaltools.gnu-tools-for-stm32.12.3.rel1.win32_1.0.200.202406191623/tools/bin/../lib/gcc/arm-none-eabi/12.3.1/thumb/v7e-m+fp/hard/crti.o
LOAD C:/ST/STM32CubeIDE_1.16.1/STM32CubeIDE/plugins/com.st.stm32cube.ide.mcu.externaltools.gnu-tools-for-stm32.12.3.rel1.win32_1.0.200.202406191623/tools/bin/../lib/gcc/arm-none-eabi/12.3.1/thumb/v7e-m+fp/hard/crtbegin.o
LOAD C:/ST/STM32CubeIDE_1.16.1/STM32CubeIDE/plugins/com.st.stm32cube.ide.mcu.externaltools.gnu-tools-for-stm32.12.3.rel1.win32_1.0.200.202406191623/tools/bin/../lib/gcc/arm-none-eabi/12.3.1/../../../../arm-none-eabi/lib/thumb/v7e-m+fp/hard/crt0.o
LOAD ./Core/Src/main.o
LOAD ./Core/Src/stm32f4xx_hal_msp.o
LOAD ./Core/Src/stm32f4xx_it.o
LOAD ./Core/Src/syscalls.o
LOAD ./Core/Src/sysmem.o
LOAD ./Core/Src/system_stm32f4xx.o
LOAD ./Core/Startup/startup_stm32f401retx.o
LOAD ./Drivers/STM32F4xx_HAL_Driver/Src/stm32f4xx_hal.o
LOAD ./Drivers/STM32F4xx_HAL_Driver/Src/stm32f4xx_hal_cortex.o
LOAD ./Drivers/STM32F4xx_HAL_Driver/Src/stm32f4xx_hal_crc.o
LOAD ./Drivers/STM32F4xx_HAL_Driver/Src/stm32f4xx_hal_dma.o
LOAD ./Drivers/STM32F4xx_HAL_Driver/Src/stm32f4xx_hal_dma_ex.o
LOAD ./Drivers/STM32F4xx_HAL_Driver/Src/stm32f4xx_hal_exti.o
LOAD ./Drivers/STM32F4xx_HAL_Driver/Src/stm32f4xx_hal_flash.o
LOAD ./Drivers/STM32F4xx_HAL_Driver/Src/stm32f4xx_hal_flash_ex.o
LOAD ./Drivers/STM32F4xx_HAL_Driver/Src/stm32f4xx_hal_flash_ramfunc.o
LOAD ./Drivers/STM32F4xx_HAL_Driver/Src/stm32f4xx_hal_gpio.o
LOAD ./Drivers/STM32F4xx_HAL_Driver/Src/stm32f4xx_hal_pwr.o
LOAD ./Drivers/STM32F4xx_HAL_Driver/Src/stm32f4xx_hal_pwr_ex.o
LOAD ./Drivers/STM32F4xx_HAL_Driver/Src/stm32f4xx_hal_rcc.o
LOAD ./Drivers/STM32F4xx_HAL_Driver/Src/stm32f4xx_hal_rcc_ex.o
LOAD ./Drivers/STM32F4xx_HAL_Driver/Src/stm32f4xx_hal_tim.o
LOAD ./Drivers/STM32F4xx_HAL_Driver/Src/stm32f4xx_hal_tim_ex.o
LOAD ./Drivers/STM32F4xx_HAL_Driver/Src/stm32f4xx_hal_uart.o
LOAD D:\STM32CubeExpansion_Crypto_V4.1.0\Middlewares\ST\STM32_Cryptographic\lib\libSTM32Cryptographic_CM4.a
START GROUP
LOAD C:/ST/STM32CubeIDE_1.16.1/STM32CubeIDE/plugins/com.st.stm32cube.ide.mcu.externaltools.gnu-tools-for-stm32.12.3.rel1.win32_1.0.200.202406191623/tools/bin/../lib/gcc/arm-none-eabi/12.3.1/../../../../arm-none-eabi/lib/thumb/v7e-m+fp/hard\libc_nano.a
LOAD C:/ST/STM32CubeIDE_1.16.1/STM32CubeIDE/plugins/com.st.stm32cube.ide.mcu.externaltools.gnu-tools-for-stm32.12.3.rel1.win32_1.0.200.202406191623/tools/bin/../lib/gcc/arm-none-eabi/12.3.1/../../../../arm-none-eabi/lib/thumb/v7e-m+fp/hard\libm.a
END GROUP
START GROUP
LOAD C:/ST/STM32CubeIDE_1.16.1/STM32CubeIDE/plugins/com.st.stm32cube.ide.mcu.externaltools.gnu-tools-for-stm32.12.3.rel1.win32_1.0.200.202406191623/tools/bin/../lib/gcc/arm-none-eabi/12.3.1/thumb/v7e-m+fp/hard\libgcc.a
LOAD C:/ST/STM32CubeIDE_1.16.1/STM32CubeIDE/plugins/com.st.stm32cube.ide.mcu.externaltools.gnu-tools-for-stm32.12.3.rel1.win32_1.0.200.202406191623/tools/bin/../lib/gcc/arm-none-eabi/12.3.1/../../../../arm-none-eabi/lib/thumb/v7e-m+fp/hard\libc_nano.a
END GROUP
START GROUP
LOAD C:/ST/STM32CubeIDE_1.16.1/STM32CubeIDE/plugins/com.st.stm32cube.ide.mcu.externaltools.gnu-tools-for-stm32.12.3.rel1.win32_1.0.200.202406191623/tools/bin/../lib/gcc/arm-none-eabi/12.3.1/thumb/v7e-m+fp/hard\libgcc.a
LOAD C:/ST/STM32CubeIDE_1.16.1/STM32CubeIDE/plugins/com.st.stm32cube.ide.mcu.externaltools.gnu-tools-for-stm32.12.3.rel1.win32_1.0.200.202406191623/tools/bin/../lib/gcc/arm-none-eabi/12.3.1/../../../../arm-none-eabi/lib/thumb/v7e-m+fp/hard\libc_nano.a
LOAD C:/ST/STM32CubeIDE_1.16.1/STM32CubeIDE/plugins/com.st.stm32cube.ide.mcu.externaltools.gnu-tools-for-stm32.12.3.rel1.win32_1.0.200.202406191623/tools/bin/../lib/gcc/arm-none-eabi/12.3.1/../../../../arm-none-eabi/lib/thumb/v7e-m+fp/hard\libnosys.a
END GROUP
START GROUP
LOAD C:/ST/STM32CubeIDE_1.16.1/STM32CubeIDE/plugins/com.st.stm32cube.ide.mcu.externaltools.gnu-tools-for-stm32.12.3.rel1.win32_1.0.200.202406191623/tools/bin/../lib/gcc/arm-none-eabi/12.3.1/thumb/v7e-m+fp/hard\libgcc.a
LOAD C:/ST/STM32CubeIDE_1.16.1/STM32CubeIDE/plugins/com.st.stm32cube.ide.mcu.externaltools.gnu-tools-for-stm32.12.3.rel1.win32_1.0.200.202406191623/tools/bin/../lib/gcc/arm-none-eabi/12.3.1/../../../../arm-none-eabi/lib/thumb/v7e-m+fp/hard\libc_nano.a
LOAD C:/ST/STM32CubeIDE_1.16.1/STM32CubeIDE/plugins/com.st.stm32cube.ide.mcu.externaltools.gnu-tools-for-stm32.12.3.rel1.win32_1.0.200.202406191623/tools/bin/../lib/gcc/arm-none-eabi/12.3.1/../../../../arm-none-eabi/lib/thumb/v7e-m+fp/hard\libnosys.a
END GROUP
LOAD C:/ST/STM32CubeIDE_1.16.1/STM32CubeIDE/plugins/com.st.stm32cube.ide.mcu.externaltools.gnu-tools-for-stm32.12.3.rel1.win32_1.0.200.202406191623/tools/bin/../lib/gcc/arm-none-eabi/12.3.1/thumb/v7e-m+fp/hard/crtend.o
LOAD C:/ST/STM32CubeIDE_1.16.1/STM32CubeIDE/plugins/com.st.stm32cube.ide.mcu.externaltools.gnu-tools-for-stm32.12.3.rel1.win32_1.0.200.202406191623/tools/bin/../lib/gcc/arm-none-eabi/12.3.1/thumb/v7e-m+fp/hard/crtn.o
                0x20018000                        _estack = (ORIGIN (RAM) + LENGTH (RAM))
                0x00000200                        _Min_Heap_Size = 0x200
                0x00000400                        _Min_Stack_Size = 0x400

.isr_vector     0x08000000      0x194
                0x08000000                        . = ALIGN (0x4)
 *(.isr_vector)
 .isr_vector    0x08000000      0x194 ./Core/Startup/startup_stm32f401retx.o
                0x08000000                g_pfnVectors
                0x08000194                        . = ALIGN (0x4)

.text           0x080001a0     0xa27c
                0x080001a0                        . = ALIGN (0x4)
 *(.text)
 .text          0x080001a0       0x40 C:/ST/STM32CubeIDE_1.16.1/STM32CubeIDE/plugins/com.st.stm32cube.ide.mcu.externaltools.gnu-tools-for-stm32.12.3.rel1.win32_1.0.200.202406191623/tools/bin/../lib/gcc/arm-none-eabi/12.3.1/thumb/v7e-m+fp/hard/crtbegin.o
 .text          0x080001e0       0x2c D:\STM32CubeExpansion_Crypto_V4.1.0\Middlewares\ST\STM32_Cryptographic\lib\libSTM32Cryptographic_CM4.a(cmox_ecc.c.o)
                0x080001e0                cmox_ecc_construct
 .text          0x0800020c       0x18 D:\STM32CubeExpansion_Crypto_V4.1.0\Middlewares\ST\STM32_Cryptographic\lib\libSTM32Cryptographic_CM4.a(cmox_ecc.c.o)
                0x0800020c                cmox_ecc_cleanup
 .text          0x08000224       0x5c D:\STM32CubeExpansion_Crypto_V4.1.0\Middlewares\ST\STM32_Cryptographic\lib\libSTM32Cryptographic_CM4.a(cmox_ecc.c.o)
                0x08000224                cmox_ECC_InvertModN
 .text          0x08000280       0x1c D:\STM32CubeExpansion_Crypto_V4.1.0\Middlewares\ST\STM32_Cryptographic\lib\libSTM32Cryptographic_CM4.a(cmox_ecc.c.o)
                0x08000280                cmox_ECC_InitCurve
 .text          0x0800029c       0x10 D:\STM32CubeExpansion_Crypto_V4.1.0\Middlewares\ST\STM32_Cryptographic\lib\libSTM32Cryptographic_CM4.a(cmox_ecc.c.o)
                0x0800029c                cmox_ECC_InitCurveModDomainP
 .text          0x080002ac       0x10 D:\STM32CubeExpansion_Crypto_V4.1.0\Middlewares\ST\STM32_Cryptographic\lib\libSTM32Cryptographic_CM4.a(cmox_ecc.c.o)
                0x080002ac                cmox_ECC_InitCurveModDomainN
 .text          0x080002bc        0x6 D:\STM32CubeExpansion_Crypto_V4.1.0\Middlewares\ST\STM32_Cryptographic\lib\libSTM32Cryptographic_CM4.a(cmox_ecc.c.o)
                0x080002bc                cmox_ECC_DeInitCurveModDomain
 .text          0x080002c2       0xb8 D:\STM32CubeExpansion_Crypto_V4.1.0\Middlewares\ST\STM32_Cryptographic\lib\libSTM32Cryptographic_CM4.a(cmox_ecc.c.o)
                0x080002c2                cmox_ECC_AllocPoint
 .text          0x0800037a       0x60 D:\STM32CubeExpansion_Crypto_V4.1.0\Middlewares\ST\STM32_Cryptographic\lib\libSTM32Cryptographic_CM4.a(cmox_ecc.c.o)
                0x0800037a                cmox_ECC_FreePoint
 *fill*         0x080003da        0x2 
 .text          0x080003dc     0x1ba2 D:\STM32CubeExpansion_Crypto_V4.1.0\Middlewares\ST\STM32_Cryptographic\lib\libSTM32Cryptographic_CM4.a(cmox_ecc.c.o)
                0x080003dc                cmox_ECC_CondCopyPoint
                0x08000442                cmox_ECC_CondSymmetricPoint
                0x08000490                cmox_ECC_SetPointAtInfinity
                0x08000516                cmox_ECC_CondImportPoint
                0x08000610                cmox_ECC_PointToModularDomain
                0x08000664                cmox_ECC_PointFromModularDomain
                0x080006c0                cmox_ECC_PointValidation
                0x08000828                cmox_ECC_PointToAffine
                0x080009fc                cmox_ECC_EDW_DecPoint_ed25519
                0x08000cba                cmox_ECC_EDW_DecPoint_ed448
                0x08000f16                cmox_ECC_MONTY_Clamping
                0x08000f76                cmox_ECC_SW_AddPoints_JacoAff
                0x080010fe                cmox_ECC_SW_AddPoints_Jacobian
                0x08001280                cmox_ECC_SW_DblPoint_Jac_a3
                0x080013b4                cmox_ECC_SW_DblPoint_Jacobian
                0x08001580                cmox_ECC_EDW_AddPoints_ProjAff
                0x080016da                cmox_ECC_EDW_AddPoints_Proj
                0x0800183c                cmox_ECC_EDW_DblPoint_Proj
                0x0800195e                cmox_ECC_EDW_AddPnts_ExtAff_a_1
                0x08001a8c                cmox_ECC_EDW_AddPoints_Ext_a_1
                0x08001bc2                cmox_ECC_EDW_DblPoint_Ext_a_1
                0x08001cf6                cmox_ECC_MONTY_Ladder_XzAff
                0x08001e24                cmox_ECC_CompleteMADD
                0x08001ece                cmox_ECC_CompleteADD
 .text          0x08001f7e       0x3e D:\STM32CubeExpansion_Crypto_V4.1.0\Middlewares\ST\STM32_Cryptographic\lib\libSTM32Cryptographic_CM4.a(cmox_ecc.c.o)
                0x08001f7e                cmox_ECC_CompleteDBL
 .text          0x08001fbc        0x8 D:\STM32CubeExpansion_Crypto_V4.1.0\Middlewares\ST\STM32_Cryptographic\lib\libSTM32Cryptographic_CM4.a(cmox_ecc.c.o)
 .text          0x08001fc4      0x1a4 D:\STM32CubeExpansion_Crypto_V4.1.0\Middlewares\ST\STM32_Cryptographic\lib\libSTM32Cryptographic_CM4.a(cmox_ecdsa.c.o)
                0x08001fc4                cmox_ecdsa_keyGen
 .text          0x08002168      0x2a0 D:\STM32CubeExpansion_Crypto_V4.1.0\Middlewares\ST\STM32_Cryptographic\lib\libSTM32Cryptographic_CM4.a(cmox_ecdsa.c.o)
                0x08002168                cmox_ecdsa_sign
 .text          0x08002408      0x2e8 D:\STM32CubeExpansion_Crypto_V4.1.0\Middlewares\ST\STM32_Cryptographic\lib\libSTM32Cryptographic_CM4.a(cmox_ecdsa.c.o)
                0x08002408                cmox_ecdsa_verify
 .text          0x080026f0       0x34 D:\STM32CubeExpansion_Crypto_V4.1.0\Middlewares\ST\STM32_Cryptographic\lib\libSTM32Cryptographic_CM4.a(cmox_hash.c.o)
                0x080026f0                cmox_hash_compute
 .text          0x08002724       0x5c D:\STM32CubeExpansion_Crypto_V4.1.0\Middlewares\ST\STM32_Cryptographic\lib\libSTM32Cryptographic_CM4.a(cmox_hash.c.o)
                0x08002724                cmox_hash_common_compute
 .text          0x08002780       0x16 D:\STM32CubeExpansion_Crypto_V4.1.0\Middlewares\ST\STM32_Cryptographic\lib\libSTM32Cryptographic_CM4.a(cmox_math.c.o)
                0x08002780                cmox_red_fake_copy_in_to_out
 .text          0x08002796       0x38 D:\STM32CubeExpansion_Crypto_V4.1.0\Middlewares\ST\STM32_Cryptographic\lib\libSTM32Cryptographic_CM4.a(cmox_math.c.o)
 .text          0x080027ce       0x56 D:\STM32CubeExpansion_Crypto_V4.1.0\Middlewares\ST\STM32_Cryptographic\lib\libSTM32Cryptographic_CM4.a(cmox_math.c.o)
                0x080027ce                cmox_RightShiftBN
 .text          0x08002824      0x122 D:\STM32CubeExpansion_Crypto_V4.1.0\Middlewares\ST\STM32_Cryptographic\lib\libSTM32Cryptographic_CM4.a(cmox_math.c.o)
                0x08002824                cmox_ModAddBN
 .text          0x08002946       0xfe D:\STM32CubeExpansion_Crypto_V4.1.0\Middlewares\ST\STM32_Cryptographic\lib\libSTM32Cryptographic_CM4.a(cmox_math.c.o)
                0x08002946                cmox_ModSubBN
 .text          0x08002a44       0x68 D:\STM32CubeExpansion_Crypto_V4.1.0\Middlewares\ST\STM32_Cryptographic\lib\libSTM32Cryptographic_CM4.a(cmox_math.c.o)
                0x08002a44                cmox_SubBN
 .text          0x08002aac       0x3e D:\STM32CubeExpansion_Crypto_V4.1.0\Middlewares\ST\STM32_Cryptographic\lib\libSTM32Cryptographic_CM4.a(cmox_math.c.o)
                0x08002aac                cmox_AddBN_Int
 .text          0x08002aea       0xa4 D:\STM32CubeExpansion_Crypto_V4.1.0\Middlewares\ST\STM32_Cryptographic\lib\libSTM32Cryptographic_CM4.a(cmox_math.c.o)
                0x08002aea                cmox_FieldBN_Div2
 .text          0x08002b8e       0xbe D:\STM32CubeExpansion_Crypto_V4.1.0\Middlewares\ST\STM32_Cryptographic\lib\libSTM32Cryptographic_CM4.a(cmox_math.c.o)
                0x08002b8e                cmox_FieldBN_Mul2
 .text          0x08002c4c       0x5c D:\STM32CubeExpansion_Crypto_V4.1.0\Middlewares\ST\STM32_Cryptographic\lib\libSTM32Cryptographic_CM4.a(cmox_math.c.o)
                0x08002c4c                cmox_FieldBN_CondNegate
 .text          0x08002ca8       0x32 D:\STM32CubeExpansion_Crypto_V4.1.0\Middlewares\ST\STM32_Cryptographic\lib\libSTM32Cryptographic_CM4.a(cmox_math.c.o)
                0x08002ca8                cmox_ModularBN_InitWithR2
 .text          0x08002cda       0x10 D:\STM32CubeExpansion_Crypto_V4.1.0\Middlewares\ST\STM32_Cryptographic\lib\libSTM32Cryptographic_CM4.a(cmox_math.c.o)
                0x08002cda                cmox_ModularBN_Enter
 .text          0x08002cea       0x44 D:\STM32CubeExpansion_Crypto_V4.1.0\Middlewares\ST\STM32_Cryptographic\lib\libSTM32Cryptographic_CM4.a(cmox_math.c.o)
                0x08002cea                cmox_ModularBN_Exit
 .text          0x08002d2e       0x46 D:\STM32CubeExpansion_Crypto_V4.1.0\Middlewares\ST\STM32_Cryptographic\lib\libSTM32Cryptographic_CM4.a(cmox_math.c.o)
                0x08002d2e                cmox_ModularBN_Mul
 .text          0x08002d74       0x42 D:\STM32CubeExpansion_Crypto_V4.1.0\Middlewares\ST\STM32_Cryptographic\lib\libSTM32Cryptographic_CM4.a(cmox_math.c.o)
                0x08002d74                cmox_ModularBN_Sqr
 .text          0x08002db6       0x18 D:\STM32CubeExpansion_Crypto_V4.1.0\Middlewares\ST\STM32_Cryptographic\lib\libSTM32Cryptographic_CM4.a(cmox_math.c.o)
                0x08002db6                cmox_ModularBN_DeinitWithR2
 .text          0x08002dce       0x18 D:\STM32CubeExpansion_Crypto_V4.1.0\Middlewares\ST\STM32_Cryptographic\lib\libSTM32Cryptographic_CM4.a(cmox_math_armv7em_llf.c.o)
                0x08002dce                cmox_asm_montymul_fast256__sqr
 .text          0x08002de6       0x18 D:\STM32CubeExpansion_Crypto_V4.1.0\Middlewares\ST\STM32_Cryptographic\lib\libSTM32Cryptographic_CM4.a(cmox_math_armv7em_llf.c.o)
                0x08002de6                cmox_asm_montymul_x128__sqr
 .text          0x08002dfe        0xa D:\STM32CubeExpansion_Crypto_V4.1.0\Middlewares\ST\STM32_Cryptographic\lib\libSTM32Cryptographic_CM4.a(cmox_mathutils.c.o)
                0x08002dfe                cmox_mathUtils_mux
 .text          0x08002e08        0x6 D:\STM32CubeExpansion_Crypto_V4.1.0\Middlewares\ST\STM32_Cryptographic\lib\libSTM32Cryptographic_CM4.a(cmox_mathutils.c.o)
                0x08002e08                cmox_mathUtils_not
 .text          0x08002e0e        0xa D:\STM32CubeExpansion_Crypto_V4.1.0\Middlewares\ST\STM32_Cryptographic\lib\libSTM32Cryptographic_CM4.a(cmox_mathutils.c.o)
                0x08002e0e                cmox_mathUtils_neq
 .text          0x08002e18        0xe D:\STM32CubeExpansion_Crypto_V4.1.0\Middlewares\ST\STM32_Cryptographic\lib\libSTM32Cryptographic_CM4.a(cmox_mathutils.c.o)
                0x08002e18                cmox_mathUtils_gt
 .text          0x08002e26       0x24 D:\STM32CubeExpansion_Crypto_V4.1.0\Middlewares\ST\STM32_Cryptographic\lib\libSTM32Cryptographic_CM4.a(cmox_mathutils.c.o)
                0x08002e26                cmox_mathUtils_bitLength
 .text          0x08002e4a       0x10 D:\STM32CubeExpansion_Crypto_V4.1.0\Middlewares\ST\STM32_Cryptographic\lib\libSTM32Cryptographic_CM4.a(cmox_mathutils.c.o)
                0x08002e4a                cmox_mathUtils_abs
 .text          0x08002e5a       0x20 D:\STM32CubeExpansion_Crypto_V4.1.0\Middlewares\ST\STM32_Cryptographic\lib\libSTM32Cryptographic_CM4.a(cmox_membuf.c.o)
                0x08002e5a                cmox_membuf_init
                0x08002e5c                cmox_membuf_set
                0x08002e70                cmox_membuf_getFree
 .text          0x08002e7a       0x3e D:\STM32CubeExpansion_Crypto_V4.1.0\Middlewares\ST\STM32_Cryptographic\lib\libSTM32Cryptographic_CM4.a(cmox_membuf.c.o)
                0x08002e7a                cmox_membuf_alloc
 .text          0x08002eb8       0x2a D:\STM32CubeExpansion_Crypto_V4.1.0\Middlewares\ST\STM32_Cryptographic\lib\libSTM32Cryptographic_CM4.a(cmox_membuf.c.o)
                0x08002eb8                cmox_membuf_free
 .text          0x08002ee2       0x1a D:\STM32CubeExpansion_Crypto_V4.1.0\Middlewares\ST\STM32_Cryptographic\lib\libSTM32Cryptographic_CM4.a(cmox_membuf.c.o)
                0x08002ee2                cmox_membuf_cleanup
 .text          0x08002efc      0x23c D:\STM32CubeExpansion_Crypto_V4.1.0\Middlewares\ST\STM32_Cryptographic\lib\libSTM32Cryptographic_CM4.a(cmox_modexp.c.o)
                0x08002f0c                cmox_ModExpBN_SW
 .text          0x08003138      0x3f8 D:\STM32CubeExpansion_Crypto_V4.1.0\Middlewares\ST\STM32_Cryptographic\lib\libSTM32Cryptographic_CM4.a(cmox_scalarmul.c.o)
 .text          0x08003530      0x3ac D:\STM32CubeExpansion_Crypto_V4.1.0\Middlewares\ST\STM32_Cryptographic\lib\libSTM32Cryptographic_CM4.a(cmox_scalarmul.c.o)
 .text          0x080038dc      0x67c D:\STM32CubeExpansion_Crypto_V4.1.0\Middlewares\ST\STM32_Cryptographic\lib\libSTM32Cryptographic_CM4.a(cmox_scalarmul.c.o)
 .text          0x08003f58       0xb2 D:\STM32CubeExpansion_Crypto_V4.1.0\Middlewares\ST\STM32_Cryptographic\lib\libSTM32Cryptographic_CM4.a(cmox_scalarmul.c.o)
 *fill*         0x0800400a        0x2 
 .text          0x0800400c       0x2c D:\STM32CubeExpansion_Crypto_V4.1.0\Middlewares\ST\STM32_Cryptographic\lib\libSTM32Cryptographic_CM4.a(cmox_sha224.c.o)
 .text          0x08004038       0x40 D:\STM32CubeExpansion_Crypto_V4.1.0\Middlewares\ST\STM32_Cryptographic\lib\libSTM32Cryptographic_CM4.a(cmox_sha224.c.o)
 .text          0x08004078       0x20 D:\STM32CubeExpansion_Crypto_V4.1.0\Middlewares\ST\STM32_Cryptographic\lib\libSTM32Cryptographic_CM4.a(cmox_sha224.c.o)
 .text          0x08004098       0x30 D:\STM32CubeExpansion_Crypto_V4.1.0\Middlewares\ST\STM32_Cryptographic\lib\libSTM32Cryptographic_CM4.a(cmox_sha224.c.o)
 .text          0x080040c8       0x30 D:\STM32CubeExpansion_Crypto_V4.1.0\Middlewares\ST\STM32_Cryptographic\lib\libSTM32Cryptographic_CM4.a(cmox_sha224.c.o)
 .text          0x080040f8       0x70 D:\STM32CubeExpansion_Crypto_V4.1.0\Middlewares\ST\STM32_Cryptographic\lib\libSTM32Cryptographic_CM4.a(cmox_sha224.c.o)
 .text          0x08004168      0x1ec D:\STM32CubeExpansion_Crypto_V4.1.0\Middlewares\ST\STM32_Cryptographic\lib\libSTM32Cryptographic_CM4.a(cmox_sha256_common.c.o)
 .text          0x08004354       0x30 D:\STM32CubeExpansion_Crypto_V4.1.0\Middlewares\ST\STM32_Cryptographic\lib\libSTM32Cryptographic_CM4.a(cmox_utils_compare.c.o)
 .text          0x08004384       0x36 D:\STM32CubeExpansion_Crypto_V4.1.0\Middlewares\ST\STM32_Cryptographic\lib\libSTM32Cryptographic_CM4.a(cmox_utils_compare.c.o)
 .text          0x080043ba       0x96 D:\STM32CubeExpansion_Crypto_V4.1.0\Middlewares\ST\STM32_Cryptographic\lib\libSTM32Cryptographic_CM4.a(cmox_utils_compare.c.o)
 .text          0x08004450       0x8c D:\STM32CubeExpansion_Crypto_V4.1.0\Middlewares\ST\STM32_Cryptographic\lib\libSTM32Cryptographic_CM4.a(cmox_utils_compare.c.o)
 .text          0x080044dc       0xfc D:\STM32CubeExpansion_Crypto_V4.1.0\Middlewares\ST\STM32_Cryptographic\lib\libSTM32Cryptographic_CM4.a(cmox_utils_compare.c.o)
                0x080044e8                cmox_utils_robustCmp
 .text          0x080045d8       0x16 D:\STM32CubeExpansion_Crypto_V4.1.0\Middlewares\ST\STM32_Cryptographic\lib\libSTM32Cryptographic_CM4.a(cmox_bn.c.o)
                0x080045d8                cmox_bn_alloc
 .text          0x080045ee       0x16 D:\STM32CubeExpansion_Crypto_V4.1.0\Middlewares\ST\STM32_Cryptographic\lib\libSTM32Cryptographic_CM4.a(cmox_bn.c.o)
                0x080045ee                cmox_bn_free
 .text          0x08004604       0x42 D:\STM32CubeExpansion_Crypto_V4.1.0\Middlewares\ST\STM32_Cryptographic\lib\libSTM32Cryptographic_CM4.a(cmox_bn.c.o)
                0x08004604                cmox_bn_import
 .text          0x08004646       0x1e D:\STM32CubeExpansion_Crypto_V4.1.0\Middlewares\ST\STM32_Cryptographic\lib\libSTM32Cryptographic_CM4.a(cmox_bn.c.o)
                0x08004646                cmox_bn_init
 .text          0x08004664       0x70 D:\STM32CubeExpansion_Crypto_V4.1.0\Middlewares\ST\STM32_Cryptographic\lib\libSTM32Cryptographic_CM4.a(cmox_bn.c.o)
                0x08004664                cmox_bn_cCopy
 .text          0x080046d4        0xa D:\STM32CubeExpansion_Crypto_V4.1.0\Middlewares\ST\STM32_Cryptographic\lib\libSTM32Cryptographic_CM4.a(cmox_bn.c.o)
                0x080046d4                cmox_bn_mux
 .text          0x080046de       0x82 D:\STM32CubeExpansion_Crypto_V4.1.0\Middlewares\ST\STM32_Cryptographic\lib\libSTM32Cryptographic_CM4.a(cmox_bn.c.o)
                0x080046de                cmox_bn_cmp
 .text          0x08004760       0x2c D:\STM32CubeExpansion_Crypto_V4.1.0\Middlewares\ST\STM32_Cryptographic\lib\libSTM32Cryptographic_CM4.a(cmox_bn.c.o)
                0x08004760                cmox_bn_cmpUint
 .text          0x0800478c       0x32 D:\STM32CubeExpansion_Crypto_V4.1.0\Middlewares\ST\STM32_Cryptographic\lib\libSTM32Cryptographic_CM4.a(cmox_bn.c.o)
                0x0800478c                cmox_bn_countBits
 .text          0x080047be       0x48 D:\STM32CubeExpansion_Crypto_V4.1.0\Middlewares\ST\STM32_Cryptographic\lib\libSTM32Cryptographic_CM4.a(cmox_bn.c.o)
                0x080047be                cmox_bn_getBits
 .text          0x08004806       0x96 D:\STM32CubeExpansion_Crypto_V4.1.0\Middlewares\ST\STM32_Cryptographic\lib\libSTM32Cryptographic_CM4.a(cmox_bn.c.o)
                0x08004806                cmox_bn_setBits
 .text          0x0800489c       0x86 D:\STM32CubeExpansion_Crypto_V4.1.0\Middlewares\ST\STM32_Cryptographic\lib\libSTM32Cryptographic_CM4.a(cmox_bn.c.o)
                0x0800489c                cmox_bn_fromU8BE
 .text          0x08004922       0x76 D:\STM32CubeExpansion_Crypto_V4.1.0\Middlewares\ST\STM32_Cryptographic\lib\libSTM32Cryptographic_CM4.a(cmox_bn.c.o)
                0x08004922                cmox_bn_toU8BE
 .text          0x08004998       0x98 D:\STM32CubeExpansion_Crypto_V4.1.0\Middlewares\ST\STM32_Cryptographic\lib\libSTM32Cryptographic_CM4.a(cmox_bn.c.o)
                0x08004998                cmox_bn_fromU8LE
 .text          0x08004a30      0x70a D:\STM32CubeExpansion_Crypto_V4.1.0\Middlewares\ST\STM32_Cryptographic\lib\libSTM32Cryptographic_CM4.a(cmox_math_armv7em_ewarm_mm-fios256.s.o)
                0x08004a30                cmox_asm_montymul_fast256
 .text          0x0800513a      0x248 D:\STM32CubeExpansion_Crypto_V4.1.0\Middlewares\ST\STM32_Cryptographic\lib\libSTM32Cryptographic_CM4.a(cmox_math_armv7em_ewarm_mm-mod4.s.o)
                0x0800513a                cmox_asm_montymul_x128
 .text          0x08005382       0xbe D:\STM32CubeExpansion_Crypto_V4.1.0\Middlewares\ST\STM32_Cryptographic\lib\libSTM32Cryptographic_CM4.a(cmox_math_armv7em_ewarm_montyred.s.o)
                0x08005382                cmox_asm_montyred
 .text          0x08005440       0x58 D:\STM32CubeExpansion_Crypto_V4.1.0\Middlewares\ST\STM32_Cryptographic\lib\libSTM32Cryptographic_CM4.a(cmox_math_armv7em_ewarm_mul-os.s.o)
                0x08005440                cmox_asm_mul
 .text          0x08005498        0x8 D:\STM32CubeExpansion_Crypto_V4.1.0\Middlewares\ST\STM32_Cryptographic\lib\libSTM32Cryptographic_CM4.a(cmox_md.c.o)
                0x08005498                cmox_md_updateState_small
 .text          0x080054a0       0x44 D:\STM32CubeExpansion_Crypto_V4.1.0\Middlewares\ST\STM32_Cryptographic\lib\libSTM32Cryptographic_CM4.a(cmox_md.c.o)
                0x080054a0                cmox_md_copyLastState_small
 .text          0x080054e4       0x1a D:\STM32CubeExpansion_Crypto_V4.1.0\Middlewares\ST\STM32_Cryptographic\lib\libSTM32Cryptographic_CM4.a(cmox_md.c.o)
                0x080054e4                cmox_md_padMsgLen_small
 .text          0x080054fe        0x8 D:\STM32CubeExpansion_Crypto_V4.1.0\Middlewares\ST\STM32_Cryptographic\lib\libSTM32Cryptographic_CM4.a(cmox_md.c.o)
                0x080054fe                cmox_md_construct
 .text          0x08005506       0x1e D:\STM32CubeExpansion_Crypto_V4.1.0\Middlewares\ST\STM32_Cryptographic\lib\libSTM32Cryptographic_CM4.a(cmox_md.c.o)
                0x08005506                cmox_md_init
 .text          0x08005524        0x8 D:\STM32CubeExpansion_Crypto_V4.1.0\Middlewares\ST\STM32_Cryptographic\lib\libSTM32Cryptographic_CM4.a(cmox_md.c.o)
                0x08005524                cmox_md_setTagSize
 .text          0x0800552c       0xa8 D:\STM32CubeExpansion_Crypto_V4.1.0\Middlewares\ST\STM32_Cryptographic\lib\libSTM32Cryptographic_CM4.a(cmox_md.c.o)
                0x0800552c                cmox_md_append
 .text          0x080055d4      0x1a0 D:\STM32CubeExpansion_Crypto_V4.1.0\Middlewares\ST\STM32_Cryptographic\lib\libSTM32Cryptographic_CM4.a(cmox_md.c.o)
                0x080055d4                cmox_md_generateTag
 .text          0x08005774        0x8 D:\STM32CubeExpansion_Crypto_V4.1.0\Middlewares\ST\STM32_Cryptographic\lib\libSTM32Cryptographic_CM4.a(cmox_md.c.o)
 .text          0x0800577c       0x14 C:/ST/STM32CubeIDE_1.16.1/STM32CubeIDE/plugins/com.st.stm32cube.ide.mcu.externaltools.gnu-tools-for-stm32.12.3.rel1.win32_1.0.200.202406191623/tools/bin/../lib/gcc/arm-none-eabi/12.3.1/../../../../arm-none-eabi/lib/thumb/v7e-m+fp/hard\libc_nano.a(libc_a-strcmp.o)
                0x0800577c                strcmp
 .text          0x08005790       0x10 C:/ST/STM32CubeIDE_1.16.1/STM32CubeIDE/plugins/com.st.stm32cube.ide.mcu.externaltools.gnu-tools-for-stm32.12.3.rel1.win32_1.0.200.202406191623/tools/bin/../lib/gcc/arm-none-eabi/12.3.1/../../../../arm-none-eabi/lib/thumb/v7e-m+fp/hard\libc_nano.a(libc_a-strlen.o)
                0x08005790                strlen
 .text          0x080057a0       0x9a C:/ST/STM32CubeIDE_1.16.1/STM32CubeIDE/plugins/com.st.stm32cube.ide.mcu.externaltools.gnu-tools-for-stm32.12.3.rel1.win32_1.0.200.202406191623/tools/bin/../lib/gcc/arm-none-eabi/12.3.1/../../../../arm-none-eabi/lib/thumb/v7e-m+fp/hard\libc_nano.a(libc_a-aeabi_memset-soft.o)
                0x080057a0                __aeabi_memset8
                0x080057a0                __aeabi_memset4
                0x080057a0                __aeabi_memset
 *fill*         0x0800583a        0x6 
 .text          0x08005840       0xa0 C:/ST/STM32CubeIDE_1.16.1/STM32CubeIDE/plugins/com.st.stm32cube.ide.mcu.externaltools.gnu-tools-for-stm32.12.3.rel1.win32_1.0.200.202406191623/tools/bin/../lib/gcc/arm-none-eabi/12.3.1/../../../../arm-none-eabi/lib/thumb/v7e-m+fp/hard\libc_nano.a(libc_a-memchr.o)
                0x08005840                memchr
 .text          0x080058e0       0x30 C:/ST/STM32CubeIDE_1.16.1/STM32CubeIDE/plugins/com.st.stm32cube.ide.mcu.externaltools.gnu-tools-for-stm32.12.3.rel1.win32_1.0.200.202406191623/tools/bin/../lib/gcc/arm-none-eabi/12.3.1/thumb/v7e-m+fp/hard\libgcc.a(_aeabi_uldivmod.o)
                0x080058e0                __aeabi_uldivmod
 .text          0x08005910      0x2bc C:/ST/STM32CubeIDE_1.16.1/STM32CubeIDE/plugins/com.st.stm32cube.ide.mcu.externaltools.gnu-tools-for-stm32.12.3.rel1.win32_1.0.200.202406191623/tools/bin/../lib/gcc/arm-none-eabi/12.3.1/thumb/v7e-m+fp/hard\libgcc.a(_udivmoddi4.o)
                0x08005910                __udivmoddi4
 .text          0x08005bcc        0x4 C:/ST/STM32CubeIDE_1.16.1/STM32CubeIDE/plugins/com.st.stm32cube.ide.mcu.externaltools.gnu-tools-for-stm32.12.3.rel1.win32_1.0.200.202406191623/tools/bin/../lib/gcc/arm-none-eabi/12.3.1/thumb/v7e-m+fp/hard\libgcc.a(_dvmd_tls.o)
                0x08005bcc                __aeabi_idiv0
                0x08005bcc                __aeabi_ldiv0
 *(.text*)
 .text.trimWhitespace
                0x08005bd0       0xa8 ./Core/Src/main.o
                0x08005bd0                trimWhitespace
 .text.RDFGraph_new
                0x08005c78       0x24 ./Core/Src/main.o
                0x08005c78                RDFGraph_new
 .text.RDFGraph_addTriple
                0x08005c9c       0xa4 ./Core/Src/main.o
                0x08005c9c                RDFGraph_addTriple
 .text.compareTriples
                0x08005d40       0x64 ./Core/Src/main.o
                0x08005d40                compareTriples
 .text.RDFGraph_canonicalize
                0x08005da4       0x28 ./Core/Src/main.o
                0x08005da4                RDFGraph_canonicalize
 .text.RDFGraph_serializeToJsonLD
                0x08005dcc      0x268 ./Core/Src/main.o
                0x08005dcc                RDFGraph_serializeToJsonLD
 .text.RDFProcessor_new
                0x08006034       0x22 ./Core/Src/main.o
                0x08006034                RDFProcessor_new
 .text.RDFProcessor_process
                0x08006056       0x28 ./Core/Src/main.o
                0x08006056                RDFProcessor_process
 .text.RDFGraph_free
                0x0800607e       0x74 ./Core/Src/main.o
                0x0800607e                RDFGraph_free
 .text.RDFProcessor_free
                0x080060f2       0x16 ./Core/Src/main.o
                0x080060f2                RDFProcessor_free
 .text.saveRDF  0x08006108       0x50 ./Core/Src/main.o
                0x08006108                saveRDF
 .text.processRDF
                0x08006158       0xa0 ./Core/Src/main.o
                0x08006158                processRDF
 .text.main     0x080061f8      0x2b4 ./Core/Src/main.o
                0x080061f8                main
 .text.ByteArrayToHexString
                0x080064ac       0x8c ./Core/Src/main.o
                0x080064ac                ByteArrayToHexString
 .text.UART_PrintSignature
                0x08006538       0x84 ./Core/Src/main.o
                0x08006538                UART_PrintSignature
 .text.Print_Computed_Signature
                0x080065bc       0x78 ./Core/Src/main.o
                0x080065bc                Print_Computed_Signature
 .text.Print_Computed_Keys
                0x08006634       0x78 ./Core/Src/main.o
                0x08006634                Print_Computed_Keys
 .text.UART_Print
                0x080066ac       0x38 ./Core/Src/main.o
                0x080066ac                UART_Print
 .text.SystemClock_Config
                0x080066e4       0xc0 ./Core/Src/main.o
 .text.MX_CRC_Init
                0x080067a4       0x28 ./Core/Src/main.o
 .text.MX_USART2_UART_Init
                0x080067cc       0x54 ./Core/Src/main.o
 .text.MX_GPIO_Init
                0x08006820       0x60 ./Core/Src/main.o
 .text.Error_Handler
                0x08006880        0xc ./Core/Src/main.o
                0x08006880                Error_Handler
 .text.HAL_MspInit
                0x0800688c       0x5c ./Core/Src/stm32f4xx_hal_msp.o
                0x0800688c                HAL_MspInit
 .text.HAL_CRC_MspInit
                0x080068e8       0x44 ./Core/Src/stm32f4xx_hal_msp.o
                0x080068e8                HAL_CRC_MspInit
 .text.HAL_UART_MspInit
                0x0800692c       0xa0 ./Core/Src/stm32f4xx_hal_msp.o
                0x0800692c                HAL_UART_MspInit
 .text.NMI_Handler
                0x080069cc        0x8 ./Core/Src/stm32f4xx_it.o
                0x080069cc                NMI_Handler
 .text.HardFault_Handler
                0x080069d4        0x8 ./Core/Src/stm32f4xx_it.o
                0x080069d4                HardFault_Handler
 .text.MemManage_Handler
                0x080069dc        0x8 ./Core/Src/stm32f4xx_it.o
                0x080069dc                MemManage_Handler
 .text.BusFault_Handler
                0x080069e4        0x8 ./Core/Src/stm32f4xx_it.o
                0x080069e4                BusFault_Handler
 .text.UsageFault_Handler
                0x080069ec        0x8 ./Core/Src/stm32f4xx_it.o
                0x080069ec                UsageFault_Handler
 .text.SVC_Handler
                0x080069f4        0xe ./Core/Src/stm32f4xx_it.o
                0x080069f4                SVC_Handler
 .text.DebugMon_Handler
                0x08006a02        0xe ./Core/Src/stm32f4xx_it.o
                0x08006a02                DebugMon_Handler
 .text.PendSV_Handler
                0x08006a10        0xe ./Core/Src/stm32f4xx_it.o
                0x08006a10                PendSV_Handler
 .text.SysTick_Handler
                0x08006a1e        0xc ./Core/Src/stm32f4xx_it.o
                0x08006a1e                SysTick_Handler
 .text.RCC_IRQHandler
                0x08006a2a        0xe ./Core/Src/stm32f4xx_it.o
                0x08006a2a                RCC_IRQHandler
 .text.USART2_IRQHandler
                0x08006a38       0x14 ./Core/Src/stm32f4xx_it.o
                0x08006a38                USART2_IRQHandler
 .text._read    0x08006a4c       0x3a ./Core/Src/syscalls.o
                0x08006a4c                _read
 .text._write   0x08006a86       0x38 ./Core/Src/syscalls.o
                0x08006a86                _write
 .text._close   0x08006abe       0x18 ./Core/Src/syscalls.o
                0x08006abe                _close
 .text._fstat   0x08006ad6       0x20 ./Core/Src/syscalls.o
                0x08006ad6                _fstat
 .text._isatty  0x08006af6       0x16 ./Core/Src/syscalls.o
                0x08006af6                _isatty
 .text._lseek   0x08006b0c       0x1a ./Core/Src/syscalls.o
                0x08006b0c                _lseek
 .text._open    0x08006b26       0x1c ./Core/Src/syscalls.o
                0x08006b26                _open
 *fill*         0x08006b42        0x2 
 .text._sbrk    0x08006b44       0x6c ./Core/Src/sysmem.o
                0x08006b44                _sbrk
 .text.SystemInit
                0x08006bb0       0x24 ./Core/Src/system_stm32f4xx.o
                0x08006bb0                SystemInit
 .text.Reset_Handler
                0x08006bd4       0x50 ./Core/Startup/startup_stm32f401retx.o
                0x08006bd4                Reset_Handler
 .text.Default_Handler
                0x08006c24        0x2 ./Core/Startup/startup_stm32f401retx.o
                0x08006c24                RTC_Alarm_IRQHandler
                0x08006c24                EXTI2_IRQHandler
                0x08006c24                SPI4_IRQHandler
                0x08006c24                TIM1_CC_IRQHandler
                0x08006c24                DMA2_Stream5_IRQHandler
                0x08006c24                DMA1_Stream5_IRQHandler
                0x08006c24                PVD_IRQHandler
                0x08006c24                SDIO_IRQHandler
                0x08006c24                TAMP_STAMP_IRQHandler
                0x08006c24                EXTI3_IRQHandler
                0x08006c24                TIM1_UP_TIM10_IRQHandler
                0x08006c24                I2C3_ER_IRQHandler
                0x08006c24                EXTI0_IRQHandler
                0x08006c24                I2C2_EV_IRQHandler
                0x08006c24                DMA1_Stream2_IRQHandler
                0x08006c24                FPU_IRQHandler
                0x08006c24                DMA2_Stream2_IRQHandler
                0x08006c24                SPI1_IRQHandler
                0x08006c24                TIM1_BRK_TIM9_IRQHandler
                0x08006c24                DMA2_Stream3_IRQHandler
                0x08006c24                USART6_IRQHandler
                0x08006c24                DMA2_Stream0_IRQHandler
                0x08006c24                TIM4_IRQHandler
                0x08006c24                I2C1_EV_IRQHandler
                0x08006c24                DMA1_Stream6_IRQHandler
                0x08006c24                DMA1_Stream1_IRQHandler
                0x08006c24                TIM3_IRQHandler
                0x08006c24                Default_Handler
                0x08006c24                EXTI15_10_IRQHandler
                0x08006c24                ADC_IRQHandler
                0x08006c24                DMA1_Stream7_IRQHandler
                0x08006c24                TIM5_IRQHandler
                0x08006c24                DMA2_Stream7_IRQHandler
                0x08006c24                I2C3_EV_IRQHandler
                0x08006c24                EXTI9_5_IRQHandler
                0x08006c24                RTC_WKUP_IRQHandler
                0x08006c24                SPI2_IRQHandler
                0x08006c24                DMA1_Stream0_IRQHandler
                0x08006c24                EXTI4_IRQHandler
                0x08006c24                WWDG_IRQHandler
                0x08006c24                TIM2_IRQHandler
                0x08006c24                OTG_FS_WKUP_IRQHandler
                0x08006c24                TIM1_TRG_COM_TIM11_IRQHandler
                0x08006c24                EXTI1_IRQHandler
                0x08006c24                I2C2_ER_IRQHandler
                0x08006c24                DMA2_Stream1_IRQHandler
                0x08006c24                FLASH_IRQHandler
                0x08006c24                DMA2_Stream4_IRQHandler
                0x08006c24                USART1_IRQHandler
                0x08006c24                OTG_FS_IRQHandler
                0x08006c24                SPI3_IRQHandler
                0x08006c24                DMA1_Stream4_IRQHandler
                0x08006c24                I2C1_ER_IRQHandler
                0x08006c24                DMA2_Stream6_IRQHandler
                0x08006c24                DMA1_Stream3_IRQHandler
 *fill*         0x08006c26        0x2 
 .text.HAL_Init
                0x08006c28       0x44 ./Drivers/STM32F4xx_HAL_Driver/Src/stm32f4xx_hal.o
                0x08006c28                HAL_Init
 .text.HAL_InitTick
                0x08006c6c       0x60 ./Drivers/STM32F4xx_HAL_Driver/Src/stm32f4xx_hal.o
                0x08006c6c                HAL_InitTick
 .text.HAL_IncTick
                0x08006ccc       0x28 ./Drivers/STM32F4xx_HAL_Driver/Src/stm32f4xx_hal.o
                0x08006ccc                HAL_IncTick
 .text.HAL_GetTick
                0x08006cf4       0x18 ./Drivers/STM32F4xx_HAL_Driver/Src/stm32f4xx_hal.o
                0x08006cf4                HAL_GetTick
 .text.__NVIC_SetPriorityGrouping
                0x08006d0c       0x48 ./Drivers/STM32F4xx_HAL_Driver/Src/stm32f4xx_hal_cortex.o
 .text.__NVIC_GetPriorityGrouping
                0x08006d54       0x1c ./Drivers/STM32F4xx_HAL_Driver/Src/stm32f4xx_hal_cortex.o
 .text.__NVIC_EnableIRQ
                0x08006d70       0x3c ./Drivers/STM32F4xx_HAL_Driver/Src/stm32f4xx_hal_cortex.o
 .text.__NVIC_SetPriority
                0x08006dac       0x54 ./Drivers/STM32F4xx_HAL_Driver/Src/stm32f4xx_hal_cortex.o
 .text.NVIC_EncodePriority
                0x08006e00       0x66 ./Drivers/STM32F4xx_HAL_Driver/Src/stm32f4xx_hal_cortex.o
 *fill*         0x08006e66        0x2 
 .text.SysTick_Config
                0x08006e68       0x44 ./Drivers/STM32F4xx_HAL_Driver/Src/stm32f4xx_hal_cortex.o
 .text.HAL_NVIC_SetPriorityGrouping
                0x08006eac       0x16 ./Drivers/STM32F4xx_HAL_Driver/Src/stm32f4xx_hal_cortex.o
                0x08006eac                HAL_NVIC_SetPriorityGrouping
 .text.HAL_NVIC_SetPriority
                0x08006ec2       0x38 ./Drivers/STM32F4xx_HAL_Driver/Src/stm32f4xx_hal_cortex.o
                0x08006ec2                HAL_NVIC_SetPriority
 .text.HAL_NVIC_EnableIRQ
                0x08006efa       0x1c ./Drivers/STM32F4xx_HAL_Driver/Src/stm32f4xx_hal_cortex.o
                0x08006efa                HAL_NVIC_EnableIRQ
 .text.HAL_SYSTICK_Config
                0x08006f16       0x18 ./Drivers/STM32F4xx_HAL_Driver/Src/stm32f4xx_hal_cortex.o
                0x08006f16                HAL_SYSTICK_Config
 .text.HAL_CRC_Init
                0x08006f2e       0x38 ./Drivers/STM32F4xx_HAL_Driver/Src/stm32f4xx_hal_crc.o
                0x08006f2e                HAL_CRC_Init
 .text.HAL_DMA_Abort
                0x08006f66       0xe0 ./Drivers/STM32F4xx_HAL_Driver/Src/stm32f4xx_hal_dma.o
                0x08006f66                HAL_DMA_Abort
 .text.HAL_DMA_Abort_IT
                0x08007046       0x44 ./Drivers/STM32F4xx_HAL_Driver/Src/stm32f4xx_hal_dma.o
                0x08007046                HAL_DMA_Abort_IT
 *fill*         0x0800708a        0x2 
 .text.HAL_GPIO_Init
                0x0800708c      0x308 ./Drivers/STM32F4xx_HAL_Driver/Src/stm32f4xx_hal_gpio.o
                0x0800708c                HAL_GPIO_Init
 .text.HAL_RCC_OscConfig
                0x08007394      0x4f0 ./Drivers/STM32F4xx_HAL_Driver/Src/stm32f4xx_hal_rcc.o
                0x08007394                HAL_RCC_OscConfig
 .text.HAL_RCC_ClockConfig
                0x08007884      0x1cc ./Drivers/STM32F4xx_HAL_Driver/Src/stm32f4xx_hal_rcc.o
                0x08007884                HAL_RCC_ClockConfig
 .text.HAL_RCC_GetSysClockFreq
                0x08007a50      0x18c ./Drivers/STM32F4xx_HAL_Driver/Src/stm32f4xx_hal_rcc.o
                0x08007a50                HAL_RCC_GetSysClockFreq
 .text.HAL_RCC_GetHCLKFreq
                0x08007bdc       0x18 ./Drivers/STM32F4xx_HAL_Driver/Src/stm32f4xx_hal_rcc.o
                0x08007bdc                HAL_RCC_GetHCLKFreq
 .text.HAL_RCC_GetPCLK1Freq
                0x08007bf4       0x28 ./Drivers/STM32F4xx_HAL_Driver/Src/stm32f4xx_hal_rcc.o
                0x08007bf4                HAL_RCC_GetPCLK1Freq
 .text.HAL_RCC_GetPCLK2Freq
                0x08007c1c       0x28 ./Drivers/STM32F4xx_HAL_Driver/Src/stm32f4xx_hal_rcc.o
                0x08007c1c                HAL_RCC_GetPCLK2Freq
 .text.HAL_UART_Init
                0x08007c44       0xa0 ./Drivers/STM32F4xx_HAL_Driver/Src/stm32f4xx_hal_uart.o
                0x08007c44                HAL_UART_Init
 .text.HAL_UART_Transmit
                0x08007ce4      0x116 ./Drivers/STM32F4xx_HAL_Driver/Src/stm32f4xx_hal_uart.o
                0x08007ce4                HAL_UART_Transmit
 *fill*         0x08007dfa        0x2 
 .text.HAL_UART_IRQHandler
                0x08007dfc      0x524 ./Drivers/STM32F4xx_HAL_Driver/Src/stm32f4xx_hal_uart.o
                0x08007dfc                HAL_UART_IRQHandler
 .text.HAL_UART_TxCpltCallback
                0x08008320       0x14 ./Drivers/STM32F4xx_HAL_Driver/Src/stm32f4xx_hal_uart.o
                0x08008320                HAL_UART_TxCpltCallback
 .text.HAL_UART_RxCpltCallback
                0x08008334       0x14 ./Drivers/STM32F4xx_HAL_Driver/Src/stm32f4xx_hal_uart.o
                0x08008334                HAL_UART_RxCpltCallback
 .text.HAL_UART_ErrorCallback
                0x08008348       0x14 ./Drivers/STM32F4xx_HAL_Driver/Src/stm32f4xx_hal_uart.o
                0x08008348                HAL_UART_ErrorCallback
 .text.HAL_UARTEx_RxEventCallback
                0x0800835c       0x18 ./Drivers/STM32F4xx_HAL_Driver/Src/stm32f4xx_hal_uart.o
                0x0800835c                HAL_UARTEx_RxEventCallback
 .text.UART_WaitOnFlagUntilTimeout
                0x08008374       0xb2 ./Drivers/STM32F4xx_HAL_Driver/Src/stm32f4xx_hal_uart.o
 .text.UART_EndRxTransfer
                0x08008426       0xc6 ./Drivers/STM32F4xx_HAL_Driver/Src/stm32f4xx_hal_uart.o
 .text.UART_DMAAbortOnError
                0x080084ec       0x28 ./Drivers/STM32F4xx_HAL_Driver/Src/stm32f4xx_hal_uart.o
 .text.UART_Transmit_IT
                0x08008514       0xa0 ./Drivers/STM32F4xx_HAL_Driver/Src/stm32f4xx_hal_uart.o
 .text.UART_EndTransmit_IT
                0x080085b4       0x30 ./Drivers/STM32F4xx_HAL_Driver/Src/stm32f4xx_hal_uart.o
 .text.UART_Receive_IT
                0x080085e4      0x17c ./Drivers/STM32F4xx_HAL_Driver/Src/stm32f4xx_hal_uart.o
 .text.UART_SetConfig
                0x08008760      0x4e8 ./Drivers/STM32F4xx_HAL_Driver/Src/stm32f4xx_hal_uart.o
 .text.malloc   0x08008c48       0x10 C:/ST/STM32CubeIDE_1.16.1/STM32CubeIDE/plugins/com.st.stm32cube.ide.mcu.externaltools.gnu-tools-for-stm32.12.3.rel1.win32_1.0.200.202406191623/tools/bin/../lib/gcc/arm-none-eabi/12.3.1/../../../../arm-none-eabi/lib/thumb/v7e-m+fp/hard\libc_nano.a(libc_a-malloc.o)
                0x08008c48                malloc
 .text.free     0x08008c58       0x10 C:/ST/STM32CubeIDE_1.16.1/STM32CubeIDE/plugins/com.st.stm32cube.ide.mcu.externaltools.gnu-tools-for-stm32.12.3.rel1.win32_1.0.200.202406191623/tools/bin/../lib/gcc/arm-none-eabi/12.3.1/../../../../arm-none-eabi/lib/thumb/v7e-m+fp/hard\libc_nano.a(libc_a-malloc.o)
                0x08008c58                free
 .text.sbrk_aligned
                0x08008c68       0x44 C:/ST/STM32CubeIDE_1.16.1/STM32CubeIDE/plugins/com.st.stm32cube.ide.mcu.externaltools.gnu-tools-for-stm32.12.3.rel1.win32_1.0.200.202406191623/tools/bin/../lib/gcc/arm-none-eabi/12.3.1/../../../../arm-none-eabi/lib/thumb/v7e-m+fp/hard\libc_nano.a(libc_a-mallocr.o)
 .text._malloc_r
                0x08008cac      0x100 C:/ST/STM32CubeIDE_1.16.1/STM32CubeIDE/plugins/com.st.stm32cube.ide.mcu.externaltools.gnu-tools-for-stm32.12.3.rel1.win32_1.0.200.202406191623/tools/bin/../lib/gcc/arm-none-eabi/12.3.1/../../../../arm-none-eabi/lib/thumb/v7e-m+fp/hard\libc_nano.a(libc_a-mallocr.o)
                0x08008cac                _malloc_r
 .text.__malloc_lock
                0x08008dac        0xc C:/ST/STM32CubeIDE_1.16.1/STM32CubeIDE/plugins/com.st.stm32cube.ide.mcu.externaltools.gnu-tools-for-stm32.12.3.rel1.win32_1.0.200.202406191623/tools/bin/../lib/gcc/arm-none-eabi/12.3.1/../../../../arm-none-eabi/lib/thumb/v7e-m+fp/hard\libc_nano.a(libc_a-mlock.o)
                0x08008dac                __malloc_lock
 .text.__malloc_unlock
                0x08008db8        0xc C:/ST/STM32CubeIDE_1.16.1/STM32CubeIDE/plugins/com.st.stm32cube.ide.mcu.externaltools.gnu-tools-for-stm32.12.3.rel1.win32_1.0.200.202406191623/tools/bin/../lib/gcc/arm-none-eabi/12.3.1/../../../../arm-none-eabi/lib/thumb/v7e-m+fp/hard\libc_nano.a(libc_a-mlock.o)
                0x08008db8                __malloc_unlock
 .text.swapfunc
                0x08008dc4       0x32 C:/ST/STM32CubeIDE_1.16.1/STM32CubeIDE/plugins/com.st.stm32cube.ide.mcu.externaltools.gnu-tools-for-stm32.12.3.rel1.win32_1.0.200.202406191623/tools/bin/../lib/gcc/arm-none-eabi/12.3.1/../../../../arm-none-eabi/lib/thumb/v7e-m+fp/hard\libc_nano.a(libc_a-qsort.o)
 .text.med3.constprop.0
                0x08008df6       0x40 C:/ST/STM32CubeIDE_1.16.1/STM32CubeIDE/plugins/com.st.stm32cube.ide.mcu.externaltools.gnu-tools-for-stm32.12.3.rel1.win32_1.0.200.202406191623/tools/bin/../lib/gcc/arm-none-eabi/12.3.1/../../../../arm-none-eabi/lib/thumb/v7e-m+fp/hard\libc_nano.a(libc_a-qsort.o)
 .text.qsort    0x08008e36      0x28e C:/ST/STM32CubeIDE_1.16.1/STM32CubeIDE/plugins/com.st.stm32cube.ide.mcu.externaltools.gnu-tools-for-stm32.12.3.rel1.win32_1.0.200.202406191623/tools/bin/../lib/gcc/arm-none-eabi/12.3.1/../../../../arm-none-eabi/lib/thumb/v7e-m+fp/hard\libc_nano.a(libc_a-qsort.o)
                0x08008e36                qsort
 .text._fclose_r
                0x080090c4       0xaa C:/ST/STM32CubeIDE_1.16.1/STM32CubeIDE/plugins/com.st.stm32cube.ide.mcu.externaltools.gnu-tools-for-stm32.12.3.rel1.win32_1.0.200.202406191623/tools/bin/../lib/gcc/arm-none-eabi/12.3.1/../../../../arm-none-eabi/lib/thumb/v7e-m+fp/hard\libc_nano.a(libc_a-fclose.o)
                0x080090c4                _fclose_r
 *fill*         0x0800916e        0x2 
 .text.fclose   0x08009170       0x10 C:/ST/STM32CubeIDE_1.16.1/STM32CubeIDE/plugins/com.st.stm32cube.ide.mcu.externaltools.gnu-tools-for-stm32.12.3.rel1.win32_1.0.200.202406191623/tools/bin/../lib/gcc/arm-none-eabi/12.3.1/../../../../arm-none-eabi/lib/thumb/v7e-m+fp/hard\libc_nano.a(libc_a-fclose.o)
                0x08009170                fclose
 .text.__sflush_r
                0x08009180      0x108 C:/ST/STM32CubeIDE_1.16.1/STM32CubeIDE/plugins/com.st.stm32cube.ide.mcu.externaltools.gnu-tools-for-stm32.12.3.rel1.win32_1.0.200.202406191623/tools/bin/../lib/gcc/arm-none-eabi/12.3.1/../../../../arm-none-eabi/lib/thumb/v7e-m+fp/hard\libc_nano.a(libc_a-fflush.o)
                0x08009180                __sflush_r
 .text._fflush_r
                0x08009288       0x50 C:/ST/STM32CubeIDE_1.16.1/STM32CubeIDE/plugins/com.st.stm32cube.ide.mcu.externaltools.gnu-tools-for-stm32.12.3.rel1.win32_1.0.200.202406191623/tools/bin/../lib/gcc/arm-none-eabi/12.3.1/../../../../arm-none-eabi/lib/thumb/v7e-m+fp/hard\libc_nano.a(libc_a-fflush.o)
                0x08009288                _fflush_r
 .text.std      0x080092d8       0x6c C:/ST/STM32CubeIDE_1.16.1/STM32CubeIDE/plugins/com.st.stm32cube.ide.mcu.externaltools.gnu-tools-for-stm32.12.3.rel1.win32_1.0.200.202406191623/tools/bin/../lib/gcc/arm-none-eabi/12.3.1/../../../../arm-none-eabi/lib/thumb/v7e-m+fp/hard\libc_nano.a(libc_a-findfp.o)
 .text.stdio_exit_handler
                0x08009344       0x18 C:/ST/STM32CubeIDE_1.16.1/STM32CubeIDE/plugins/com.st.stm32cube.ide.mcu.externaltools.gnu-tools-for-stm32.12.3.rel1.win32_1.0.200.202406191623/tools/bin/../lib/gcc/arm-none-eabi/12.3.1/../../../../arm-none-eabi/lib/thumb/v7e-m+fp/hard\libc_nano.a(libc_a-findfp.o)
 .text.cleanup_stdio
                0x0800935c       0x40 C:/ST/STM32CubeIDE_1.16.1/STM32CubeIDE/plugins/com.st.stm32cube.ide.mcu.externaltools.gnu-tools-for-stm32.12.3.rel1.win32_1.0.200.202406191623/tools/bin/../lib/gcc/arm-none-eabi/12.3.1/../../../../arm-none-eabi/lib/thumb/v7e-m+fp/hard\libc_nano.a(libc_a-findfp.o)
 .text.global_stdio_init.part.0
                0x0800939c       0x3c C:/ST/STM32CubeIDE_1.16.1/STM32CubeIDE/plugins/com.st.stm32cube.ide.mcu.externaltools.gnu-tools-for-stm32.12.3.rel1.win32_1.0.200.202406191623/tools/bin/../lib/gcc/arm-none-eabi/12.3.1/../../../../arm-none-eabi/lib/thumb/v7e-m+fp/hard\libc_nano.a(libc_a-findfp.o)
 .text.__sfp_lock_acquire
                0x080093d8        0xc C:/ST/STM32CubeIDE_1.16.1/STM32CubeIDE/plugins/com.st.stm32cube.ide.mcu.externaltools.gnu-tools-for-stm32.12.3.rel1.win32_1.0.200.202406191623/tools/bin/../lib/gcc/arm-none-eabi/12.3.1/../../../../arm-none-eabi/lib/thumb/v7e-m+fp/hard\libc_nano.a(libc_a-findfp.o)
                0x080093d8                __sfp_lock_acquire
 .text.__sfp_lock_release
                0x080093e4        0xc C:/ST/STM32CubeIDE_1.16.1/STM32CubeIDE/plugins/com.st.stm32cube.ide.mcu.externaltools.gnu-tools-for-stm32.12.3.rel1.win32_1.0.200.202406191623/tools/bin/../lib/gcc/arm-none-eabi/12.3.1/../../../../arm-none-eabi/lib/thumb/v7e-m+fp/hard\libc_nano.a(libc_a-findfp.o)
                0x080093e4                __sfp_lock_release
 .text.__sfp    0x080093f0       0xa4 C:/ST/STM32CubeIDE_1.16.1/STM32CubeIDE/plugins/com.st.stm32cube.ide.mcu.externaltools.gnu-tools-for-stm32.12.3.rel1.win32_1.0.200.202406191623/tools/bin/../lib/gcc/arm-none-eabi/12.3.1/../../../../arm-none-eabi/lib/thumb/v7e-m+fp/hard\libc_nano.a(libc_a-findfp.o)
                0x080093f0                __sfp
 .text.__sinit  0x08009494       0x30 C:/ST/STM32CubeIDE_1.16.1/STM32CubeIDE/plugins/com.st.stm32cube.ide.mcu.externaltools.gnu-tools-for-stm32.12.3.rel1.win32_1.0.200.202406191623/tools/bin/../lib/gcc/arm-none-eabi/12.3.1/../../../../arm-none-eabi/lib/thumb/v7e-m+fp/hard\libc_nano.a(libc_a-findfp.o)
                0x08009494                __sinit
 .text._fopen_r
                0x080094c4       0xa8 C:/ST/STM32CubeIDE_1.16.1/STM32CubeIDE/plugins/com.st.stm32cube.ide.mcu.externaltools.gnu-tools-for-stm32.12.3.rel1.win32_1.0.200.202406191623/tools/bin/../lib/gcc/arm-none-eabi/12.3.1/../../../../arm-none-eabi/lib/thumb/v7e-m+fp/hard\libc_nano.a(libc_a-fopen.o)
                0x080094c4                _fopen_r
 .text.fopen    0x0800956c       0x10 C:/ST/STM32CubeIDE_1.16.1/STM32CubeIDE/plugins/com.st.stm32cube.ide.mcu.externaltools.gnu-tools-for-stm32.12.3.rel1.win32_1.0.200.202406191623/tools/bin/../lib/gcc/arm-none-eabi/12.3.1/../../../../arm-none-eabi/lib/thumb/v7e-m+fp/hard\libc_nano.a(libc_a-fopen.o)
                0x0800956c                fopen
 .text._fputs_r
                0x0800957c       0xa0 C:/ST/STM32CubeIDE_1.16.1/STM32CubeIDE/plugins/com.st.stm32cube.ide.mcu.externaltools.gnu-tools-for-stm32.12.3.rel1.win32_1.0.200.202406191623/tools/bin/../lib/gcc/arm-none-eabi/12.3.1/../../../../arm-none-eabi/lib/thumb/v7e-m+fp/hard\libc_nano.a(libc_a-fputs.o)
                0x0800957c                _fputs_r
 .text.fputs    0x0800961c       0x10 C:/ST/STM32CubeIDE_1.16.1/STM32CubeIDE/plugins/com.st.stm32cube.ide.mcu.externaltools.gnu-tools-for-stm32.12.3.rel1.win32_1.0.200.202406191623/tools/bin/../lib/gcc/arm-none-eabi/12.3.1/../../../../arm-none-eabi/lib/thumb/v7e-m+fp/hard\libc_nano.a(libc_a-fputs.o)
                0x0800961c                fputs
 .text._fseek_r
                0x0800962c        0x4 C:/ST/STM32CubeIDE_1.16.1/STM32CubeIDE/plugins/com.st.stm32cube.ide.mcu.externaltools.gnu-tools-for-stm32.12.3.rel1.win32_1.0.200.202406191623/tools/bin/../lib/gcc/arm-none-eabi/12.3.1/../../../../arm-none-eabi/lib/thumb/v7e-m+fp/hard\libc_nano.a(libc_a-fseek.o)
                0x0800962c                _fseek_r
 .text._fwalk_sglue
                0x08009630       0x3c C:/ST/STM32CubeIDE_1.16.1/STM32CubeIDE/plugins/com.st.stm32cube.ide.mcu.externaltools.gnu-tools-for-stm32.12.3.rel1.win32_1.0.200.202406191623/tools/bin/../lib/gcc/arm-none-eabi/12.3.1/../../../../arm-none-eabi/lib/thumb/v7e-m+fp/hard\libc_nano.a(libc_a-fwalk.o)
                0x08009630                _fwalk_sglue
 .text.snprintf
                0x0800966c       0x68 C:/ST/STM32CubeIDE_1.16.1/STM32CubeIDE/plugins/com.st.stm32cube.ide.mcu.externaltools.gnu-tools-for-stm32.12.3.rel1.win32_1.0.200.202406191623/tools/bin/../lib/gcc/arm-none-eabi/12.3.1/../../../../arm-none-eabi/lib/thumb/v7e-m+fp/hard\libc_nano.a(libc_a-snprintf.o)
                0x0800966c                sniprintf
                0x0800966c                snprintf
 .text.sprintf  0x080096d4       0x40 C:/ST/STM32CubeIDE_1.16.1/STM32CubeIDE/plugins/com.st.stm32cube.ide.mcu.externaltools.gnu-tools-for-stm32.12.3.rel1.win32_1.0.200.202406191623/tools/bin/../lib/gcc/arm-none-eabi/12.3.1/../../../../arm-none-eabi/lib/thumb/v7e-m+fp/hard\libc_nano.a(libc_a-sprintf.o)
                0x080096d4                siprintf
                0x080096d4                sprintf
 .text.__sread  0x08009714       0x22 C:/ST/STM32CubeIDE_1.16.1/STM32CubeIDE/plugins/com.st.stm32cube.ide.mcu.externaltools.gnu-tools-for-stm32.12.3.rel1.win32_1.0.200.202406191623/tools/bin/../lib/gcc/arm-none-eabi/12.3.1/../../../../arm-none-eabi/lib/thumb/v7e-m+fp/hard\libc_nano.a(libc_a-stdio.o)
                0x08009714                __sread
 .text.__swrite
                0x08009736       0x38 C:/ST/STM32CubeIDE_1.16.1/STM32CubeIDE/plugins/com.st.stm32cube.ide.mcu.externaltools.gnu-tools-for-stm32.12.3.rel1.win32_1.0.200.202406191623/tools/bin/../lib/gcc/arm-none-eabi/12.3.1/../../../../arm-none-eabi/lib/thumb/v7e-m+fp/hard\libc_nano.a(libc_a-stdio.o)
                0x08009736                __swrite
 .text.__sseek  0x0800976e       0x24 C:/ST/STM32CubeIDE_1.16.1/STM32CubeIDE/plugins/com.st.stm32cube.ide.mcu.externaltools.gnu-tools-for-stm32.12.3.rel1.win32_1.0.200.202406191623/tools/bin/../lib/gcc/arm-none-eabi/12.3.1/../../../../arm-none-eabi/lib/thumb/v7e-m+fp/hard\libc_nano.a(libc_a-stdio.o)
                0x0800976e                __sseek
 .text.__sclose
                0x08009792        0x8 C:/ST/STM32CubeIDE_1.16.1/STM32CubeIDE/plugins/com.st.stm32cube.ide.mcu.externaltools.gnu-tools-for-stm32.12.3.rel1.win32_1.0.200.202406191623/tools/bin/../lib/gcc/arm-none-eabi/12.3.1/../../../../arm-none-eabi/lib/thumb/v7e-m+fp/hard\libc_nano.a(libc_a-stdio.o)
                0x08009792                __sclose
 .text.__swbuf_r
                0x0800979a       0x7c C:/ST/STM32CubeIDE_1.16.1/STM32CubeIDE/plugins/com.st.stm32cube.ide.mcu.externaltools.gnu-tools-for-stm32.12.3.rel1.win32_1.0.200.202406191623/tools/bin/../lib/gcc/arm-none-eabi/12.3.1/../../../../arm-none-eabi/lib/thumb/v7e-m+fp/hard\libc_nano.a(libc_a-wbuf.o)
                0x0800979a                __swbuf_r
 *fill*         0x08009816        0x2 
 .text.__swsetup_r
                0x08009818       0xac C:/ST/STM32CubeIDE_1.16.1/STM32CubeIDE/plugins/com.st.stm32cube.ide.mcu.externaltools.gnu-tools-for-stm32.12.3.rel1.win32_1.0.200.202406191623/tools/bin/../lib/gcc/arm-none-eabi/12.3.1/../../../../arm-none-eabi/lib/thumb/v7e-m+fp/hard\libc_nano.a(libc_a-wsetup.o)
                0x08009818                __swsetup_r
 .text._fseeko_r
                0x080098c4      0x12e C:/ST/STM32CubeIDE_1.16.1/STM32CubeIDE/plugins/com.st.stm32cube.ide.mcu.externaltools.gnu-tools-for-stm32.12.3.rel1.win32_1.0.200.202406191623/tools/bin/../lib/gcc/arm-none-eabi/12.3.1/../../../../arm-none-eabi/lib/thumb/v7e-m+fp/hard\libc_nano.a(libc_a-fseeko.o)
                0x080098c4                _fseeko_r
 .text.memset   0x080099f2       0x10 C:/ST/STM32CubeIDE_1.16.1/STM32CubeIDE/plugins/com.st.stm32cube.ide.mcu.externaltools.gnu-tools-for-stm32.12.3.rel1.win32_1.0.200.202406191623/tools/bin/../lib/gcc/arm-none-eabi/12.3.1/../../../../arm-none-eabi/lib/thumb/v7e-m+fp/hard\libc_nano.a(libc_a-memset.o)
                0x080099f2                memset
 *fill*         0x08009a02        0x2 
 .text.strdup   0x08009a04       0x10 C:/ST/STM32CubeIDE_1.16.1/STM32CubeIDE/plugins/com.st.stm32cube.ide.mcu.externaltools.gnu-tools-for-stm32.12.3.rel1.win32_1.0.200.202406191623/tools/bin/../lib/gcc/arm-none-eabi/12.3.1/../../../../arm-none-eabi/lib/thumb/v7e-m+fp/hard\libc_nano.a(libc_a-strdup.o)
                0x08009a04                strdup
 .text._strdup_r
                0x08009a14       0x26 C:/ST/STM32CubeIDE_1.16.1/STM32CubeIDE/plugins/com.st.stm32cube.ide.mcu.externaltools.gnu-tools-for-stm32.12.3.rel1.win32_1.0.200.202406191623/tools/bin/../lib/gcc/arm-none-eabi/12.3.1/../../../../arm-none-eabi/lib/thumb/v7e-m+fp/hard\libc_nano.a(libc_a-strdup_r.o)
                0x08009a14                _strdup_r
 *fill*         0x08009a3a        0x2 
 .text._close_r
                0x08009a3c       0x20 C:/ST/STM32CubeIDE_1.16.1/STM32CubeIDE/plugins/com.st.stm32cube.ide.mcu.externaltools.gnu-tools-for-stm32.12.3.rel1.win32_1.0.200.202406191623/tools/bin/../lib/gcc/arm-none-eabi/12.3.1/../../../../arm-none-eabi/lib/thumb/v7e-m+fp/hard\libc_nano.a(libc_a-closer.o)
                0x08009a3c                _close_r
 .text._lseek_r
                0x08009a5c       0x24 C:/ST/STM32CubeIDE_1.16.1/STM32CubeIDE/plugins/com.st.stm32cube.ide.mcu.externaltools.gnu-tools-for-stm32.12.3.rel1.win32_1.0.200.202406191623/tools/bin/../lib/gcc/arm-none-eabi/12.3.1/../../../../arm-none-eabi/lib/thumb/v7e-m+fp/hard\libc_nano.a(libc_a-lseekr.o)
                0x08009a5c                _lseek_r
 .text._open_r  0x08009a80       0x24 C:/ST/STM32CubeIDE_1.16.1/STM32CubeIDE/plugins/com.st.stm32cube.ide.mcu.externaltools.gnu-tools-for-stm32.12.3.rel1.win32_1.0.200.202406191623/tools/bin/../lib/gcc/arm-none-eabi/12.3.1/../../../../arm-none-eabi/lib/thumb/v7e-m+fp/hard\libc_nano.a(libc_a-openr.o)
                0x08009a80                _open_r
 .text._read_r  0x08009aa4       0x24 C:/ST/STM32CubeIDE_1.16.1/STM32CubeIDE/plugins/com.st.stm32cube.ide.mcu.externaltools.gnu-tools-for-stm32.12.3.rel1.win32_1.0.200.202406191623/tools/bin/../lib/gcc/arm-none-eabi/12.3.1/../../../../arm-none-eabi/lib/thumb/v7e-m+fp/hard\libc_nano.a(libc_a-readr.o)
                0x08009aa4                _read_r
 .text._sbrk_r  0x08009ac8       0x20 C:/ST/STM32CubeIDE_1.16.1/STM32CubeIDE/plugins/com.st.stm32cube.ide.mcu.externaltools.gnu-tools-for-stm32.12.3.rel1.win32_1.0.200.202406191623/tools/bin/../lib/gcc/arm-none-eabi/12.3.1/../../../../arm-none-eabi/lib/thumb/v7e-m+fp/hard\libc_nano.a(libc_a-sbrkr.o)
                0x08009ac8                _sbrk_r
 .text._write_r
                0x08009ae8       0x24 C:/ST/STM32CubeIDE_1.16.1/STM32CubeIDE/plugins/com.st.stm32cube.ide.mcu.externaltools.gnu-tools-for-stm32.12.3.rel1.win32_1.0.200.202406191623/tools/bin/../lib/gcc/arm-none-eabi/12.3.1/../../../../arm-none-eabi/lib/thumb/v7e-m+fp/hard\libc_nano.a(libc_a-writer.o)
                0x08009ae8                _write_r
 .text.__errno  0x08009b0c        0xc C:/ST/STM32CubeIDE_1.16.1/STM32CubeIDE/plugins/com.st.stm32cube.ide.mcu.externaltools.gnu-tools-for-stm32.12.3.rel1.win32_1.0.200.202406191623/tools/bin/../lib/gcc/arm-none-eabi/12.3.1/../../../../arm-none-eabi/lib/thumb/v7e-m+fp/hard\libc_nano.a(libc_a-errno.o)
                0x08009b0c                __errno
 .text.__libc_init_array
                0x08009b18       0x48 C:/ST/STM32CubeIDE_1.16.1/STM32CubeIDE/plugins/com.st.stm32cube.ide.mcu.externaltools.gnu-tools-for-stm32.12.3.rel1.win32_1.0.200.202406191623/tools/bin/../lib/gcc/arm-none-eabi/12.3.1/../../../../arm-none-eabi/lib/thumb/v7e-m+fp/hard\libc_nano.a(libc_a-init.o)
                0x08009b18                __libc_init_array
 .text.__retarget_lock_init_recursive
                0x08009b60        0x2 C:/ST/STM32CubeIDE_1.16.1/STM32CubeIDE/plugins/com.st.stm32cube.ide.mcu.externaltools.gnu-tools-for-stm32.12.3.rel1.win32_1.0.200.202406191623/tools/bin/../lib/gcc/arm-none-eabi/12.3.1/../../../../arm-none-eabi/lib/thumb/v7e-m+fp/hard\libc_nano.a(libc_a-lock.o)
                0x08009b60                __retarget_lock_init_recursive
 .text.__retarget_lock_close_recursive
                0x08009b62        0x2 C:/ST/STM32CubeIDE_1.16.1/STM32CubeIDE/plugins/com.st.stm32cube.ide.mcu.externaltools.gnu-tools-for-stm32.12.3.rel1.win32_1.0.200.202406191623/tools/bin/../lib/gcc/arm-none-eabi/12.3.1/../../../../arm-none-eabi/lib/thumb/v7e-m+fp/hard\libc_nano.a(libc_a-lock.o)
                0x08009b62                __retarget_lock_close_recursive
 .text.__retarget_lock_acquire_recursive
                0x08009b64        0x2 C:/ST/STM32CubeIDE_1.16.1/STM32CubeIDE/plugins/com.st.stm32cube.ide.mcu.externaltools.gnu-tools-for-stm32.12.3.rel1.win32_1.0.200.202406191623/tools/bin/../lib/gcc/arm-none-eabi/12.3.1/../../../../arm-none-eabi/lib/thumb/v7e-m+fp/hard\libc_nano.a(libc_a-lock.o)
                0x08009b64                __retarget_lock_acquire_recursive
 .text.__retarget_lock_release_recursive
                0x08009b66        0x2 C:/ST/STM32CubeIDE_1.16.1/STM32CubeIDE/plugins/com.st.stm32cube.ide.mcu.externaltools.gnu-tools-for-stm32.12.3.rel1.win32_1.0.200.202406191623/tools/bin/../lib/gcc/arm-none-eabi/12.3.1/../../../../arm-none-eabi/lib/thumb/v7e-m+fp/hard\libc_nano.a(libc_a-lock.o)
                0x08009b66                __retarget_lock_release_recursive
 .text.__aeabi_memcpy
                0x08009b68        0x4 C:/ST/STM32CubeIDE_1.16.1/STM32CubeIDE/plugins/com.st.stm32cube.ide.mcu.externaltools.gnu-tools-for-stm32.12.3.rel1.win32_1.0.200.202406191623/tools/bin/../lib/gcc/arm-none-eabi/12.3.1/../../../../arm-none-eabi/lib/thumb/v7e-m+fp/hard\libc_nano.a(libc_a-aeabi_memcpy.o)
                0x08009b68                __aeabi_memcpy4
                0x08009b68                __aeabi_memcpy8
                0x08009b68                __aeabi_memcpy
 .text.__aeabi_memclr
                0x08009b6c        0x6 C:/ST/STM32CubeIDE_1.16.1/STM32CubeIDE/plugins/com.st.stm32cube.ide.mcu.externaltools.gnu-tools-for-stm32.12.3.rel1.win32_1.0.200.202406191623/tools/bin/../lib/gcc/arm-none-eabi/12.3.1/../../../../arm-none-eabi/lib/thumb/v7e-m+fp/hard\libc_nano.a(libc_a-aeabi_memclr.o)
                0x08009b6c                __aeabi_memclr
                0x08009b6c                __aeabi_memclr4
                0x08009b6c                __aeabi_memclr8
 .text.memcpy   0x08009b72       0x1c C:/ST/STM32CubeIDE_1.16.1/STM32CubeIDE/plugins/com.st.stm32cube.ide.mcu.externaltools.gnu-tools-for-stm32.12.3.rel1.win32_1.0.200.202406191623/tools/bin/../lib/gcc/arm-none-eabi/12.3.1/../../../../arm-none-eabi/lib/thumb/v7e-m+fp/hard\libc_nano.a(libc_a-memcpy-stub.o)
                0x08009b72                memcpy
 *fill*         0x08009b8e        0x2 
 .text._free_r  0x08009b90       0x94 C:/ST/STM32CubeIDE_1.16.1/STM32CubeIDE/plugins/com.st.stm32cube.ide.mcu.externaltools.gnu-tools-for-stm32.12.3.rel1.win32_1.0.200.202406191623/tools/bin/../lib/gcc/arm-none-eabi/12.3.1/../../../../arm-none-eabi/lib/thumb/v7e-m+fp/hard\libc_nano.a(libc_a-freer.o)
                0x08009b90                _free_r
 .text.__ssputs_r
                0x08009c24       0xb6 C:/ST/STM32CubeIDE_1.16.1/STM32CubeIDE/plugins/com.st.stm32cube.ide.mcu.externaltools.gnu-tools-for-stm32.12.3.rel1.win32_1.0.200.202406191623/tools/bin/../lib/gcc/arm-none-eabi/12.3.1/../../../../arm-none-eabi/lib/thumb/v7e-m+fp/hard\libc_nano.a(libc_a-nano-svfprintf.o)
                0x08009c24                __ssputs_r
 *fill*         0x08009cda        0x2 
 .text._svfprintf_r
                0x08009cdc      0x1f8 C:/ST/STM32CubeIDE_1.16.1/STM32CubeIDE/plugins/com.st.stm32cube.ide.mcu.externaltools.gnu-tools-for-stm32.12.3.rel1.win32_1.0.200.202406191623/tools/bin/../lib/gcc/arm-none-eabi/12.3.1/../../../../arm-none-eabi/lib/thumb/v7e-m+fp/hard\libc_nano.a(libc_a-nano-svfprintf.o)
                0x08009cdc                _svfiprintf_r
                0x08009cdc                _svfprintf_r
 .text._printf_common
                0x08009ed4       0xda C:/ST/STM32CubeIDE_1.16.1/STM32CubeIDE/plugins/com.st.stm32cube.ide.mcu.externaltools.gnu-tools-for-stm32.12.3.rel1.win32_1.0.200.202406191623/tools/bin/../lib/gcc/arm-none-eabi/12.3.1/../../../../arm-none-eabi/lib/thumb/v7e-m+fp/hard\libc_nano.a(libc_a-nano-vfprintf_i.o)
                0x08009ed4                _printf_common
 *fill*         0x08009fae        0x2 
 .text._printf_i
                0x08009fb0      0x240 C:/ST/STM32CubeIDE_1.16.1/STM32CubeIDE/plugins/com.st.stm32cube.ide.mcu.externaltools.gnu-tools-for-stm32.12.3.rel1.win32_1.0.200.202406191623/tools/bin/../lib/gcc/arm-none-eabi/12.3.1/../../../../arm-none-eabi/lib/thumb/v7e-m+fp/hard\libc_nano.a(libc_a-nano-vfprintf_i.o)
                0x08009fb0                _printf_i
 .text.__sflags
                0x0800a1f0       0x6c C:/ST/STM32CubeIDE_1.16.1/STM32CubeIDE/plugins/com.st.stm32cube.ide.mcu.externaltools.gnu-tools-for-stm32.12.3.rel1.win32_1.0.200.202406191623/tools/bin/../lib/gcc/arm-none-eabi/12.3.1/../../../../arm-none-eabi/lib/thumb/v7e-m+fp/hard\libc_nano.a(libc_a-flags.o)
                0x0800a1f0                __sflags
 .text.__swhatbuf_r
                0x0800a25c       0x4c C:/ST/STM32CubeIDE_1.16.1/STM32CubeIDE/plugins/com.st.stm32cube.ide.mcu.externaltools.gnu-tools-for-stm32.12.3.rel1.win32_1.0.200.202406191623/tools/bin/../lib/gcc/arm-none-eabi/12.3.1/../../../../arm-none-eabi/lib/thumb/v7e-m+fp/hard\libc_nano.a(libc_a-makebuf.o)
                0x0800a25c                __swhatbuf_r
 .text.__smakebuf_r
                0x0800a2a8       0x78 C:/ST/STM32CubeIDE_1.16.1/STM32CubeIDE/plugins/com.st.stm32cube.ide.mcu.externaltools.gnu-tools-for-stm32.12.3.rel1.win32_1.0.200.202406191623/tools/bin/../lib/gcc/arm-none-eabi/12.3.1/../../../../arm-none-eabi/lib/thumb/v7e-m+fp/hard\libc_nano.a(libc_a-makebuf.o)
                0x0800a2a8                __smakebuf_r
 .text.memmove  0x0800a320       0x34 C:/ST/STM32CubeIDE_1.16.1/STM32CubeIDE/plugins/com.st.stm32cube.ide.mcu.externaltools.gnu-tools-for-stm32.12.3.rel1.win32_1.0.200.202406191623/tools/bin/../lib/gcc/arm-none-eabi/12.3.1/../../../../arm-none-eabi/lib/thumb/v7e-m+fp/hard\libc_nano.a(libc_a-memmove.o)
                0x0800a320                memmove
 .text._fstat_r
                0x0800a354       0x24 C:/ST/STM32CubeIDE_1.16.1/STM32CubeIDE/plugins/com.st.stm32cube.ide.mcu.externaltools.gnu-tools-for-stm32.12.3.rel1.win32_1.0.200.202406191623/tools/bin/../lib/gcc/arm-none-eabi/12.3.1/../../../../arm-none-eabi/lib/thumb/v7e-m+fp/hard\libc_nano.a(libc_a-fstatr.o)
                0x0800a354                _fstat_r
 .text._isatty_r
                0x0800a378       0x20 C:/ST/STM32CubeIDE_1.16.1/STM32CubeIDE/plugins/com.st.stm32cube.ide.mcu.externaltools.gnu-tools-for-stm32.12.3.rel1.win32_1.0.200.202406191623/tools/bin/../lib/gcc/arm-none-eabi/12.3.1/../../../../arm-none-eabi/lib/thumb/v7e-m+fp/hard\libc_nano.a(libc_a-isattyr.o)
                0x0800a378                _isatty_r
 .text._realloc_r
                0x0800a398       0x5c C:/ST/STM32CubeIDE_1.16.1/STM32CubeIDE/plugins/com.st.stm32cube.ide.mcu.externaltools.gnu-tools-for-stm32.12.3.rel1.win32_1.0.200.202406191623/tools/bin/../lib/gcc/arm-none-eabi/12.3.1/../../../../arm-none-eabi/lib/thumb/v7e-m+fp/hard\libc_nano.a(libc_a-reallocr.o)
                0x0800a398                _realloc_r
 .text._malloc_usable_size_r
                0x0800a3f4       0x10 C:/ST/STM32CubeIDE_1.16.1/STM32CubeIDE/plugins/com.st.stm32cube.ide.mcu.externaltools.gnu-tools-for-stm32.12.3.rel1.win32_1.0.200.202406191623/tools/bin/../lib/gcc/arm-none-eabi/12.3.1/../../../../arm-none-eabi/lib/thumb/v7e-m+fp/hard\libc_nano.a(libc_a-msizer.o)
                0x0800a3f4                _malloc_usable_size_r
 *(.glue_7)
 .glue_7        0x0800a404        0x0 linker stubs
 *(.glue_7t)
 .glue_7t       0x0800a404        0x0 linker stubs
 *(.eh_frame)
 .eh_frame      0x0800a404        0x0 C:/ST/STM32CubeIDE_1.16.1/STM32CubeIDE/plugins/com.st.stm32cube.ide.mcu.externaltools.gnu-tools-for-stm32.12.3.rel1.win32_1.0.200.202406191623/tools/bin/../lib/gcc/arm-none-eabi/12.3.1/thumb/v7e-m+fp/hard/crtbegin.o
 *(.init)
 .init          0x0800a404        0x4 C:/ST/STM32CubeIDE_1.16.1/STM32CubeIDE/plugins/com.st.stm32cube.ide.mcu.externaltools.gnu-tools-for-stm32.12.3.rel1.win32_1.0.200.202406191623/tools/bin/../lib/gcc/arm-none-eabi/12.3.1/thumb/v7e-m+fp/hard/crti.o
                0x0800a404                _init
 .init          0x0800a408        0x8 C:/ST/STM32CubeIDE_1.16.1/STM32CubeIDE/plugins/com.st.stm32cube.ide.mcu.externaltools.gnu-tools-for-stm32.12.3.rel1.win32_1.0.200.202406191623/tools/bin/../lib/gcc/arm-none-eabi/12.3.1/thumb/v7e-m+fp/hard/crtn.o
 *(.fini)
 .fini          0x0800a410        0x4 C:/ST/STM32CubeIDE_1.16.1/STM32CubeIDE/plugins/com.st.stm32cube.ide.mcu.externaltools.gnu-tools-for-stm32.12.3.rel1.win32_1.0.200.202406191623/tools/bin/../lib/gcc/arm-none-eabi/12.3.1/thumb/v7e-m+fp/hard/crti.o
                0x0800a410                _fini
 .fini          0x0800a414        0x8 C:/ST/STM32CubeIDE_1.16.1/STM32CubeIDE/plugins/com.st.stm32cube.ide.mcu.externaltools.gnu-tools-for-stm32.12.3.rel1.win32_1.0.200.202406191623/tools/bin/../lib/gcc/arm-none-eabi/12.3.1/thumb/v7e-m+fp/hard/crtn.o
                0x0800a41c                        . = ALIGN (0x4)
                0x0800a41c                        _etext = .

.vfp11_veneer   0x0800a41c        0x0
 .vfp11_veneer  0x0800a41c        0x0 linker stubs

.v4_bx          0x0800a41c        0x0
 .v4_bx         0x0800a41c        0x0 linker stubs

.iplt           0x0800a41c        0x0
 .iplt          0x0800a41c        0x0 C:/ST/STM32CubeIDE_1.16.1/STM32CubeIDE/plugins/com.st.stm32cube.ide.mcu.externaltools.gnu-tools-for-stm32.12.3.rel1.win32_1.0.200.202406191623/tools/bin/../lib/gcc/arm-none-eabi/12.3.1/thumb/v7e-m+fp/hard/crtbegin.o

.rodata         0x0800a41c      0xa40
                0x0800a41c                        . = ALIGN (0x4)
 *(.rodata)
 .rodata        0x0800a41c      0x3d2 ./Core/Src/main.o
 *fill*         0x0800a7ee        0x2 
 .rodata        0x0800a7f0       0x24 D:\STM32CubeExpansion_Crypto_V4.1.0\Middlewares\ST\STM32_Cryptographic\lib\libSTM32Cryptographic_CM4.a(cmox_ecc_curve_p256.c.o)
 .rodata        0x0800a814       0x24 D:\STM32CubeExpansion_Crypto_V4.1.0\Middlewares\ST\STM32_Cryptographic\lib\libSTM32Cryptographic_CM4.a(cmox_ecc_curve_p256.c.o)
 .rodata        0x0800a838       0x24 D:\STM32CubeExpansion_Crypto_V4.1.0\Middlewares\ST\STM32_Cryptographic\lib\libSTM32Cryptographic_CM4.a(cmox_ecc_curve_p256.c.o)
 .rodata        0x0800a85c       0x24 D:\STM32CubeExpansion_Crypto_V4.1.0\Middlewares\ST\STM32_Cryptographic\lib\libSTM32Cryptographic_CM4.a(cmox_ecc_curve_p256.c.o)
 .rodata        0x0800a880       0x24 D:\STM32CubeExpansion_Crypto_V4.1.0\Middlewares\ST\STM32_Cryptographic\lib\libSTM32Cryptographic_CM4.a(cmox_ecc_curve_p256.c.o)
 .rodata        0x0800a8a4       0x24 D:\STM32CubeExpansion_Crypto_V4.1.0\Middlewares\ST\STM32_Cryptographic\lib\libSTM32Cryptographic_CM4.a(cmox_ecc_curve_p256.c.o)
 .rodata        0x0800a8c8      0x224 D:\STM32CubeExpansion_Crypto_V4.1.0\Middlewares\ST\STM32_Cryptographic\lib\libSTM32Cryptographic_CM4.a(cmox_ecc_curve_p256.c.o)
 .rodata        0x0800aaec       0x20 D:\STM32CubeExpansion_Crypto_V4.1.0\Middlewares\ST\STM32_Cryptographic\lib\libSTM32Cryptographic_CM4.a(cmox_ecc_curve_p256.c.o)
 .rodata        0x0800ab0c       0x2c D:\STM32CubeExpansion_Crypto_V4.1.0\Middlewares\ST\STM32_Cryptographic\lib\libSTM32Cryptographic_CM4.a(cmox_ecc_curve_p256.c.o)
 .rodata        0x0800ab38        0x4 D:\STM32CubeExpansion_Crypto_V4.1.0\Middlewares\ST\STM32_Cryptographic\lib\libSTM32Cryptographic_CM4.a(cmox_ecc_curve_p256.c.o)
                0x0800ab38                CMOX_ECC_SECP256R1_HIGHMEM
 .rodata        0x0800ab3c       0x20 D:\STM32CubeExpansion_Crypto_V4.1.0\Middlewares\ST\STM32_Cryptographic\lib\libSTM32Cryptographic_CM4.a(cmox_ecc_point_funcs.c.o)
                0x0800ab3c                Point_Funcs_SW_a3
 .rodata        0x0800ab5c        0x8 D:\STM32CubeExpansion_Crypto_V4.1.0\Middlewares\ST\STM32_Cryptographic\lib\libSTM32Cryptographic_CM4.a(cmox_init.c.o)
                0x0800ab5c                cmox_table
 .rodata        0x0800ab64       0x20 D:\STM32CubeExpansion_Crypto_V4.1.0\Middlewares\ST\STM32_Cryptographic\lib\libSTM32Cryptographic_CM4.a(cmox_math_armv7em_llf.c.o)
 .rodata        0x0800ab84        0x4 D:\STM32CubeExpansion_Crypto_V4.1.0\Middlewares\ST\STM32_Cryptographic\lib\libSTM32Cryptographic_CM4.a(cmox_math_armv7em_llf.c.o)
                0x0800ab84                CMOX_MATH_FUNCS_FAST
 .rodata        0x0800ab88       0x20 D:\STM32CubeExpansion_Crypto_V4.1.0\Middlewares\ST\STM32_Cryptographic\lib\libSTM32Cryptographic_CM4.a(cmox_math_armv7em_llf.c.o)
 .rodata        0x0800aba8        0x4 D:\STM32CubeExpansion_Crypto_V4.1.0\Middlewares\ST\STM32_Cryptographic\lib\libSTM32Cryptographic_CM4.a(cmox_math_armv7em_llf.c.o)
                0x0800aba8                CMOX_MATH_FUNCS_SUPERFAST256
 .rodata        0x0800abac        0xc D:\STM32CubeExpansion_Crypto_V4.1.0\Middlewares\ST\STM32_Cryptographic\lib\libSTM32Cryptographic_CM4.a(cmox_modexp.c.o)
                0x0800abac                cmox_modexp_fn_public_highmem
 .rodata        0x0800abb8        0x4 D:\STM32CubeExpansion_Crypto_V4.1.0\Middlewares\ST\STM32_Cryptographic\lib\libSTM32Cryptographic_CM4.a(cmox_scalarmul.c.o)
                0x0800abb8                cmox_scalarmul_fixbase_sc
 .rodata        0x0800abbc        0x4 D:\STM32CubeExpansion_Crypto_V4.1.0\Middlewares\ST\STM32_Cryptographic\lib\libSTM32Cryptographic_CM4.a(cmox_scalarmul.c.o)
                0x0800abbc                cmox_scalarmul_dblbase_wmof
 .rodata        0x0800abc0        0x8 D:\STM32CubeExpansion_Crypto_V4.1.0\Middlewares\ST\STM32_Cryptographic\lib\libSTM32Cryptographic_CM4.a(cmox_scalarmul.c.o)
                0x0800abc0                cmox_scalarmul_varbase_highmem
 .rodata        0x0800abc8        0x4 D:\STM32CubeExpansion_Crypto_V4.1.0\Middlewares\ST\STM32_Cryptographic\lib\libSTM32Cryptographic_CM4.a(cmox_sha224.c.o)
 .rodata        0x0800abcc        0x4 D:\STM32CubeExpansion_Crypto_V4.1.0\Middlewares\ST\STM32_Cryptographic\lib\libSTM32Cryptographic_CM4.a(cmox_sha224.c.o)
                0x0800abcc                CMOX_SHA224_ALGO
 .rodata        0x0800abd0      0x100 D:\STM32CubeExpansion_Crypto_V4.1.0\Middlewares\ST\STM32_Cryptographic\lib\libSTM32Cryptographic_CM4.a(cmox_sha256_common.c.o)
 .rodata        0x0800acd0       0x10 D:\STM32CubeExpansion_Crypto_V4.1.0\Middlewares\ST\STM32_Cryptographic\lib\libSTM32Cryptographic_CM4.a(cmox_sha256_common.c.o)
                0x0800acd0                CMOX_MD_SHA256_VTABLE_ST
 .rodata        0x0800ace0        0xc D:\STM32CubeExpansion_Crypto_V4.1.0\Middlewares\ST\STM32_Cryptographic\lib\libSTM32Cryptographic_CM4.a(cmox_utils_compare.c.o)
 .rodata        0x0800acec        0x4 D:\STM32CubeExpansion_Crypto_V4.1.0\Middlewares\ST\STM32_Cryptographic\lib\libSTM32Cryptographic_CM4.a(cmox_utils_compare.c.o)
                0x0800acec                cmox_utils_robustCmp_bt_bw_be_r
 *(.rodata*)
 .rodata.Known_Random
                0x0800acf0       0x20 ./Core/Src/main.o
                0x0800acf0                Known_Random
 .rodata.AHBPrescTable
                0x0800ad10       0x10 ./Core/Src/system_stm32f4xx.o
                0x0800ad10                AHBPrescTable
 .rodata.APBPrescTable
                0x0800ad20        0x8 ./Core/Src/system_stm32f4xx.o
                0x0800ad20                APBPrescTable
 .rodata._ctype_
                0x0800ad28      0x101 C:/ST/STM32CubeIDE_1.16.1/STM32CubeIDE/plugins/com.st.stm32cube.ide.mcu.externaltools.gnu-tools-for-stm32.12.3.rel1.win32_1.0.200.202406191623/tools/bin/../lib/gcc/arm-none-eabi/12.3.1/../../../../arm-none-eabi/lib/thumb/v7e-m+fp/hard\libc_nano.a(libc_a-ctype_.o)
                0x0800ad28                _ctype_
 .rodata._svfprintf_r.str1.1
                0x0800ae29       0x11 C:/ST/STM32CubeIDE_1.16.1/STM32CubeIDE/plugins/com.st.stm32cube.ide.mcu.externaltools.gnu-tools-for-stm32.12.3.rel1.win32_1.0.200.202406191623/tools/bin/../lib/gcc/arm-none-eabi/12.3.1/../../../../arm-none-eabi/lib/thumb/v7e-m+fp/hard\libc_nano.a(libc_a-nano-svfprintf.o)
 .rodata._printf_i.str1.1
                0x0800ae3a       0x22 C:/ST/STM32CubeIDE_1.16.1/STM32CubeIDE/plugins/com.st.stm32cube.ide.mcu.externaltools.gnu-tools-for-stm32.12.3.rel1.win32_1.0.200.202406191623/tools/bin/../lib/gcc/arm-none-eabi/12.3.1/../../../../arm-none-eabi/lib/thumb/v7e-m+fp/hard\libc_nano.a(libc_a-nano-vfprintf_i.o)
                0x0800ae5c                        . = ALIGN (0x4)

CMOX_CTA_PROTECTED_DATA
                0x0800ae5c      0x264
 CMOX_CTA_PROTECTED_DATA
                0x0800ae5c      0x264 D:\STM32CubeExpansion_Crypto_V4.1.0\Middlewares\ST\STM32_Cryptographic\lib\libSTM32Cryptographic_CM4.a(cmox_ecc_curve_p256.c.o)

.ARM.extab      0x0800b0c0        0x0
                0x0800b0c0                        . = ALIGN (0x4)
 *(.ARM.extab* .gnu.linkonce.armextab.*)
                0x0800b0c0                        . = ALIGN (0x4)

.ARM            0x0800b0c0        0x8
                0x0800b0c0                        . = ALIGN (0x4)
                0x0800b0c0                        __exidx_start = .
 *(.ARM.exidx*)
 .ARM.exidx     0x0800b0c0        0x8 C:/ST/STM32CubeIDE_1.16.1/STM32CubeIDE/plugins/com.st.stm32cube.ide.mcu.externaltools.gnu-tools-for-stm32.12.3.rel1.win32_1.0.200.202406191623/tools/bin/../lib/gcc/arm-none-eabi/12.3.1/../../../../arm-none-eabi/lib/thumb/v7e-m+fp/hard\libc_nano.a(libc_a-strcmp.o)
 .ARM.exidx     0x0800b0c8        0x0 C:/ST/STM32CubeIDE_1.16.1/STM32CubeIDE/plugins/com.st.stm32cube.ide.mcu.externaltools.gnu-tools-for-stm32.12.3.rel1.win32_1.0.200.202406191623/tools/bin/../lib/gcc/arm-none-eabi/12.3.1/../../../../arm-none-eabi/lib/thumb/v7e-m+fp/hard\libc_nano.a(libc_a-strlen.o)
                                  0x8 (size before relaxing)
 .ARM.exidx     0x0800b0c8        0x0 C:/ST/STM32CubeIDE_1.16.1/STM32CubeIDE/plugins/com.st.stm32cube.ide.mcu.externaltools.gnu-tools-for-stm32.12.3.rel1.win32_1.0.200.202406191623/tools/bin/../lib/gcc/arm-none-eabi/12.3.1/../../../../arm-none-eabi/lib/thumb/v7e-m+fp/hard\libc_nano.a(libc_a-aeabi_memset-soft.o)
                                  0x8 (size before relaxing)
 .ARM.exidx     0x0800b0c8        0x0 C:/ST/STM32CubeIDE_1.16.1/STM32CubeIDE/plugins/com.st.stm32cube.ide.mcu.externaltools.gnu-tools-for-stm32.12.3.rel1.win32_1.0.200.202406191623/tools/bin/../lib/gcc/arm-none-eabi/12.3.1/../../../../arm-none-eabi/lib/thumb/v7e-m+fp/hard\libc_nano.a(libc_a-memchr.o)
                                  0x8 (size before relaxing)
 .ARM.exidx     0x0800b0c8        0x0 C:/ST/STM32CubeIDE_1.16.1/STM32CubeIDE/plugins/com.st.stm32cube.ide.mcu.externaltools.gnu-tools-for-stm32.12.3.rel1.win32_1.0.200.202406191623/tools/bin/../lib/gcc/arm-none-eabi/12.3.1/thumb/v7e-m+fp/hard\libgcc.a(_udivmoddi4.o)
                                  0x8 (size before relaxing)
                0x0800b0c8                        __exidx_end = .
                0x0800b0c8                        . = ALIGN (0x4)

.preinit_array  0x0800b0c8        0x0
                0x0800b0c8                        . = ALIGN (0x4)
                0x0800b0c8                        PROVIDE (__preinit_array_start = .)
 *(.preinit_array*)
                0x0800b0c8                        PROVIDE (__preinit_array_end = .)
                0x0800b0c8                        . = ALIGN (0x4)

.init_array     0x0800b0c8        0x4
                0x0800b0c8                        . = ALIGN (0x4)
                0x0800b0c8                        PROVIDE (__init_array_start = .)
 *(SORT_BY_NAME(.init_array.*))
 *(.init_array*)
 .init_array    0x0800b0c8        0x4 C:/ST/STM32CubeIDE_1.16.1/STM32CubeIDE/plugins/com.st.stm32cube.ide.mcu.externaltools.gnu-tools-for-stm32.12.3.rel1.win32_1.0.200.202406191623/tools/bin/../lib/gcc/arm-none-eabi/12.3.1/thumb/v7e-m+fp/hard/crtbegin.o
                0x0800b0cc                        PROVIDE (__init_array_end = .)
                0x0800b0cc                        . = ALIGN (0x4)

.fini_array     0x0800b0cc        0x4
                0x0800b0cc                        . = ALIGN (0x4)
                [!provide]                        PROVIDE (__fini_array_start = .)
 *(SORT_BY_NAME(.fini_array.*))
 *(.fini_array*)
 .fini_array    0x0800b0cc        0x4 C:/ST/STM32CubeIDE_1.16.1/STM32CubeIDE/plugins/com.st.stm32cube.ide.mcu.externaltools.gnu-tools-for-stm32.12.3.rel1.win32_1.0.200.202406191623/tools/bin/../lib/gcc/arm-none-eabi/12.3.1/thumb/v7e-m+fp/hard/crtbegin.o
                [!provide]                        PROVIDE (__fini_array_end = .)
                0x0800b0d0                        . = ALIGN (0x4)
                0x0800b0d0                        _sidata = LOADADDR (.data)

.rel.dyn        0x0800b0d0        0x0
 .rel.iplt      0x0800b0d0        0x0 C:/ST/STM32CubeIDE_1.16.1/STM32CubeIDE/plugins/com.st.stm32cube.ide.mcu.externaltools.gnu-tools-for-stm32.12.3.rel1.win32_1.0.200.202406191623/tools/bin/../lib/gcc/arm-none-eabi/12.3.1/thumb/v7e-m+fp/hard/crtbegin.o

.data           0x20000000       0x68 load address 0x0800b0d0
                0x20000000                        . = ALIGN (0x4)
                0x20000000                        _sdata = .
 *(.data)
 *(.data*)
 .data.SystemCoreClock
                0x20000000        0x4 ./Core/Src/system_stm32f4xx.o
                0x20000000                SystemCoreClock
 .data.uwTickPrio
                0x20000004        0x4 ./Drivers/STM32F4xx_HAL_Driver/Src/stm32f4xx_hal.o
                0x20000004                uwTickPrio
 .data.uwTickFreq
                0x20000008        0x1 ./Drivers/STM32F4xx_HAL_Driver/Src/stm32f4xx_hal.o
                0x20000008                uwTickFreq
 *fill*         0x20000009        0x3 
 .data.__sglue  0x2000000c        0xc C:/ST/STM32CubeIDE_1.16.1/STM32CubeIDE/plugins/com.st.stm32cube.ide.mcu.externaltools.gnu-tools-for-stm32.12.3.rel1.win32_1.0.200.202406191623/tools/bin/../lib/gcc/arm-none-eabi/12.3.1/../../../../arm-none-eabi/lib/thumb/v7e-m+fp/hard\libc_nano.a(libc_a-findfp.o)
                0x2000000c                __sglue
 .data._impure_ptr
                0x20000018        0x4 C:/ST/STM32CubeIDE_1.16.1/STM32CubeIDE/plugins/com.st.stm32cube.ide.mcu.externaltools.gnu-tools-for-stm32.12.3.rel1.win32_1.0.200.202406191623/tools/bin/../lib/gcc/arm-none-eabi/12.3.1/../../../../arm-none-eabi/lib/thumb/v7e-m+fp/hard\libc_nano.a(libc_a-impure.o)
                0x20000018                _impure_ptr
 .data._impure_data
                0x2000001c       0x4c C:/ST/STM32CubeIDE_1.16.1/STM32CubeIDE/plugins/com.st.stm32cube.ide.mcu.externaltools.gnu-tools-for-stm32.12.3.rel1.win32_1.0.200.202406191623/tools/bin/../lib/gcc/arm-none-eabi/12.3.1/../../../../arm-none-eabi/lib/thumb/v7e-m+fp/hard\libc_nano.a(libc_a-impure.o)
                0x2000001c                _impure_data
 *(.RamFunc)
 *(.RamFunc*)
                0x20000068                        . = ALIGN (0x4)
                0x20000068                        _edata = .

.igot.plt       0x20000068        0x0 load address 0x0800b138
 .igot.plt      0x20000068        0x0 C:/ST/STM32CubeIDE_1.16.1/STM32CubeIDE/plugins/com.st.stm32cube.ide.mcu.externaltools.gnu-tools-for-stm32.12.3.rel1.win32_1.0.200.202406191623/tools/bin/../lib/gcc/arm-none-eabi/12.3.1/thumb/v7e-m+fp/hard/crtbegin.o
                0x20000068                        . = ALIGN (0x4)

.bss            0x20000068      0xe08 load address 0x0800b138
                0x20000068                        _sbss = .
                0x20000068                        __bss_start__ = _sbss
 *(.bss)
 .bss           0x20000068       0x1c C:/ST/STM32CubeIDE_1.16.1/STM32CubeIDE/plugins/com.st.stm32cube.ide.mcu.externaltools.gnu-tools-for-stm32.12.3.rel1.win32_1.0.200.202406191623/tools/bin/../lib/gcc/arm-none-eabi/12.3.1/thumb/v7e-m+fp/hard/crtbegin.o
 .bss           0x20000084        0x1 D:\STM32CubeExpansion_Crypto_V4.1.0\Middlewares\ST\STM32_Cryptographic\lib\libSTM32Cryptographic_CM4.a(cmox_init.c.o)
                0x20000084                cmox_init_ctxi
 *(.bss*)
 *fill*         0x20000085        0x3 
 .bss.hexSignature
                0x20000088      0x400 ./Core/Src/main.o
                0x20000088                hexSignature
 .bss.Ecc_Ctx   0x20000488       0x18 ./Core/Src/main.o
                0x20000488                Ecc_Ctx
 .bss.Working_Buffer
                0x200004a0      0x7d0 ./Core/Src/main.o
                0x200004a0                Working_Buffer
 .bss.huart2    0x20000c70       0x48 ./Core/Src/main.o
                0x20000c70                huart2
 .bss.hcrc      0x20000cb8        0x8 ./Core/Src/main.o
                0x20000cb8                hcrc
 .bss.Computed_Hash
                0x20000cc0       0x1c ./Core/Src/main.o
                0x20000cc0                Computed_Hash
 .bss.Computed_Signature
                0x20000cdc       0x40 ./Core/Src/main.o
                0x20000cdc                Computed_Signature
 .bss.__sbrk_heap_end
                0x20000d1c        0x4 ./Core/Src/sysmem.o
 .bss.uwTick    0x20000d20        0x4 ./Drivers/STM32F4xx_HAL_Driver/Src/stm32f4xx_hal.o
                0x20000d20                uwTick
 .bss.__malloc_sbrk_start
                0x20000d24        0x4 C:/ST/STM32CubeIDE_1.16.1/STM32CubeIDE/plugins/com.st.stm32cube.ide.mcu.externaltools.gnu-tools-for-stm32.12.3.rel1.win32_1.0.200.202406191623/tools/bin/../lib/gcc/arm-none-eabi/12.3.1/../../../../arm-none-eabi/lib/thumb/v7e-m+fp/hard\libc_nano.a(libc_a-mallocr.o)
                0x20000d24                __malloc_sbrk_start
 .bss.__malloc_free_list
                0x20000d28        0x4 C:/ST/STM32CubeIDE_1.16.1/STM32CubeIDE/plugins/com.st.stm32cube.ide.mcu.externaltools.gnu-tools-for-stm32.12.3.rel1.win32_1.0.200.202406191623/tools/bin/../lib/gcc/arm-none-eabi/12.3.1/../../../../arm-none-eabi/lib/thumb/v7e-m+fp/hard\libc_nano.a(libc_a-mallocr.o)
                0x20000d28                __malloc_free_list
 .bss.__sf      0x20000d2c      0x138 C:/ST/STM32CubeIDE_1.16.1/STM32CubeIDE/plugins/com.st.stm32cube.ide.mcu.externaltools.gnu-tools-for-stm32.12.3.rel1.win32_1.0.200.202406191623/tools/bin/../lib/gcc/arm-none-eabi/12.3.1/../../../../arm-none-eabi/lib/thumb/v7e-m+fp/hard\libc_nano.a(libc_a-findfp.o)
                0x20000d2c                __sf
 .bss.__stdio_exit_handler
                0x20000e64        0x4 C:/ST/STM32CubeIDE_1.16.1/STM32CubeIDE/plugins/com.st.stm32cube.ide.mcu.externaltools.gnu-tools-for-stm32.12.3.rel1.win32_1.0.200.202406191623/tools/bin/../lib/gcc/arm-none-eabi/12.3.1/../../../../arm-none-eabi/lib/thumb/v7e-m+fp/hard\libc_nano.a(libc_a-findfp.o)
                0x20000e64                __stdio_exit_handler
 .bss.errno     0x20000e68        0x4 C:/ST/STM32CubeIDE_1.16.1/STM32CubeIDE/plugins/com.st.stm32cube.ide.mcu.externaltools.gnu-tools-for-stm32.12.3.rel1.win32_1.0.200.202406191623/tools/bin/../lib/gcc/arm-none-eabi/12.3.1/../../../../arm-none-eabi/lib/thumb/v7e-m+fp/hard\libc_nano.a(libc_a-reent.o)
                0x20000e68                errno
 .bss.__lock___malloc_recursive_mutex
                0x20000e6c        0x1 C:/ST/STM32CubeIDE_1.16.1/STM32CubeIDE/plugins/com.st.stm32cube.ide.mcu.externaltools.gnu-tools-for-stm32.12.3.rel1.win32_1.0.200.202406191623/tools/bin/../lib/gcc/arm-none-eabi/12.3.1/../../../../arm-none-eabi/lib/thumb/v7e-m+fp/hard\libc_nano.a(libc_a-lock.o)
                0x20000e6c                __lock___malloc_recursive_mutex
 .bss.__lock___sfp_recursive_mutex
                0x20000e6d        0x1 C:/ST/STM32CubeIDE_1.16.1/STM32CubeIDE/plugins/com.st.stm32cube.ide.mcu.externaltools.gnu-tools-for-stm32.12.3.rel1.win32_1.0.200.202406191623/tools/bin/../lib/gcc/arm-none-eabi/12.3.1/../../../../arm-none-eabi/lib/thumb/v7e-m+fp/hard\libc_nano.a(libc_a-lock.o)
                0x20000e6d                __lock___sfp_recursive_mutex
 *(COMMON)
                0x20000e70                        . = ALIGN (0x4)
 *fill*         0x20000e6e        0x2 
                0x20000e70                        _ebss = .
                0x20000e70                        __bss_end__ = _ebss

._user_heap_stack
                0x20000e70      0x600 load address 0x0800b138
                0x20000e70                        . = ALIGN (0x8)
                [!provide]                        PROVIDE (end = .)
                0x20000e70                        PROVIDE (_end = .)
                0x20001070                        . = (. + _Min_Heap_Size)
 *fill*         0x20000e70      0x200 
                0x20001470                        . = (. + _Min_Stack_Size)
 *fill*         0x20001070      0x400 
                0x20001470                        . = ALIGN (0x8)

/DISCARD/
 libc.a(*)
 libm.a(*)
 libgcc.a(*)

.ARM.attributes
                0x00000000       0x34
 *(.ARM.attributes)
 .ARM.attributes
                0x00000000       0x22 C:/ST/STM32CubeIDE_1.16.1/STM32CubeIDE/plugins/com.st.stm32cube.ide.mcu.externaltools.gnu-tools-for-stm32.12.3.rel1.win32_1.0.200.202406191623/tools/bin/../lib/gcc/arm-none-eabi/12.3.1/thumb/v7e-m+fp/hard/crti.o
 .ARM.attributes
                0x00000022       0x34 C:/ST/STM32CubeIDE_1.16.1/STM32CubeIDE/plugins/com.st.stm32cube.ide.mcu.externaltools.gnu-tools-for-stm32.12.3.rel1.win32_1.0.200.202406191623/tools/bin/../lib/gcc/arm-none-eabi/12.3.1/thumb/v7e-m+fp/hard/crtbegin.o
 .ARM.attributes
                0x00000056       0x34 ./Core/Src/main.o
 .ARM.attributes
                0x0000008a       0x34 ./Core/Src/stm32f4xx_hal_msp.o
 .ARM.attributes
                0x000000be       0x34 ./Core/Src/stm32f4xx_it.o
 .ARM.attributes
                0x000000f2       0x34 ./Core/Src/syscalls.o
 .ARM.attributes
                0x00000126       0x34 ./Core/Src/sysmem.o
 .ARM.attributes
                0x0000015a       0x34 ./Core/Src/system_stm32f4xx.o
 .ARM.attributes
                0x0000018e       0x21 ./Core/Startup/startup_stm32f401retx.o
 .ARM.attributes
                0x000001af       0x34 ./Drivers/STM32F4xx_HAL_Driver/Src/stm32f4xx_hal.o
 .ARM.attributes
                0x000001e3       0x34 ./Drivers/STM32F4xx_HAL_Driver/Src/stm32f4xx_hal_cortex.o
 .ARM.attributes
                0x00000217       0x34 ./Drivers/STM32F4xx_HAL_Driver/Src/stm32f4xx_hal_crc.o
 .ARM.attributes
                0x0000024b       0x34 ./Drivers/STM32F4xx_HAL_Driver/Src/stm32f4xx_hal_dma.o
 .ARM.attributes
                0x0000027f       0x34 ./Drivers/STM32F4xx_HAL_Driver/Src/stm32f4xx_hal_gpio.o
 .ARM.attributes
                0x000002b3       0x34 ./Drivers/STM32F4xx_HAL_Driver/Src/stm32f4xx_hal_rcc.o
 .ARM.attributes
                0x000002e7       0x34 ./Drivers/STM32F4xx_HAL_Driver/Src/stm32f4xx_hal_uart.o
 .ARM.attributes
                0x0000031b       0x4e D:\STM32CubeExpansion_Crypto_V4.1.0\Middlewares\ST\STM32_Cryptographic\lib\libSTM32Cryptographic_CM4.a(cmox_ecc.c.o)
 .ARM.attributes
                0x00000369       0x4c D:\STM32CubeExpansion_Crypto_V4.1.0\Middlewares\ST\STM32_Cryptographic\lib\libSTM32Cryptographic_CM4.a(cmox_ecc_curve_p256.c.o)
 .ARM.attributes
                0x000003b5       0x4c D:\STM32CubeExpansion_Crypto_V4.1.0\Middlewares\ST\STM32_Cryptographic\lib\libSTM32Cryptographic_CM4.a(cmox_ecc_point_funcs.c.o)
 .ARM.attributes
                0x00000401       0x4e D:\STM32CubeExpansion_Crypto_V4.1.0\Middlewares\ST\STM32_Cryptographic\lib\libSTM32Cryptographic_CM4.a(cmox_ecdsa.c.o)
 .ARM.attributes
                0x0000044f       0x50 D:\STM32CubeExpansion_Crypto_V4.1.0\Middlewares\ST\STM32_Cryptographic\lib\libSTM32Cryptographic_CM4.a(cmox_hash.c.o)
 .ARM.attributes
                0x0000049f       0x4e D:\STM32CubeExpansion_Crypto_V4.1.0\Middlewares\ST\STM32_Cryptographic\lib\libSTM32Cryptographic_CM4.a(cmox_init.c.o)
 .ARM.attributes
                0x000004ed       0x50 D:\STM32CubeExpansion_Crypto_V4.1.0\Middlewares\ST\STM32_Cryptographic\lib\libSTM32Cryptographic_CM4.a(cmox_math.c.o)
 .ARM.attributes
                0x0000053d       0x50 D:\STM32CubeExpansion_Crypto_V4.1.0\Middlewares\ST\STM32_Cryptographic\lib\libSTM32Cryptographic_CM4.a(cmox_math_armv7em_llf.c.o)
 .ARM.attributes
                0x0000058d       0x50 D:\STM32CubeExpansion_Crypto_V4.1.0\Middlewares\ST\STM32_Cryptographic\lib\libSTM32Cryptographic_CM4.a(cmox_mathutils.c.o)
 .ARM.attributes
                0x000005dd       0x50 D:\STM32CubeExpansion_Crypto_V4.1.0\Middlewares\ST\STM32_Cryptographic\lib\libSTM32Cryptographic_CM4.a(cmox_membuf.c.o)