../Core/Src/main.c:34:7:trimWhitespace	32	static
../Core/Src/main.c:57:11:RDFGraph_new	16	static
../Core/Src/main.c:64:6:RDFGraph_addTriple	32	static
../Core/Src/main.c:74:5:compareTriples	32	static
../Core/Src/main.c:85:6:RDFGraph_canonicalize	16	static
../Core/Src/main.c:90:6:RDFGraph_serializeToJsonLD	128	static
../Core/Src/main.c:117:15:RDFProcessor_new	24	static
../Core/Src/main.c:124:6:RDFProcessor_process	16	static
../Core/Src/main.c:129:6:RDFGraph_free	24	static
../Core/Src/main.c:138:6:RDFProcessor_free	16	static
../Core/Src/main.c:143:6:saveRDF	24	static
../Core/Src/main.c:155:6:processRDF	24	static
../Core/Src/main.c:227:5:main	2208	static
../Core/Src/main.c:350:6:ByteArrayToHexString	56	static
../Core/Src/main.c:361:6:UART_PrintSignature	24	static
../Core/Src/main.c:379:6:Print_Computed_Signature	48	dynamic
../Core/Src/main.c:386:6:Print_Computed_Keys	48	dynamic
../Core/Src/main.c:396:6:UART_Print	24	static
../Core/Src/main.c:411:13:SystemClock_Config	88	static
../Core/Src/main.c:444:13:MX_CRC_Init	8	static
../Core/Src/main.c:456:13:MX_USART2_UART_Init	8	static
../Core/Src/main.c:475:13:MX_GPIO_Init	32	static
../Core/Src/main.c:492:6:Error_Handler	4	static,ignoring_inline_asm
